[
    (
        Expr(3),
        Seq(
            [
                (
                    Expr(2),
                    Op(
                        (
                            Expr(0),
                            "a",
                            Expr(0),
                        ),
                        DividedBy,
                        (
                            Expr(1),
                            "b",
                            Expr(1),
                        ),
                    ),
                    Expr(2),
                ),
            ],
        ),
        Expr(3),
    ),
]