[
    bir::Bir {
        start_basic_block: BasicBlock(0),
        BasicBlock(0): BasicBlockData(
            [
                (
                    Assign(
                        temp{1},
                        0,
                    ),
                    Expr(0),
                ),
                (
                    Assign(
                        p{0},
                        temp{1}.give,
                    ),
                    Expr(0),
                ),
                (
                    Assign(
                        temp{12},
                        false,
                    ),
                    Expr(2),
                ),
            ],
            If(
                temp{12},
                BasicBlock(1),
                BasicBlock(2),
            ),
        ),
        BasicBlock(1): BasicBlockData(
            [
                (
                    Assign(
                        temp{2},
                        Print.give,
                    ),
                    Expr(3),
                ),
                (
                    Assign(
                        temp{14},
                        temp{2}.give,
                    ),
                    Expr(3),
                ),
                (
                    Assign(
                        temp{3},
                        "wtf",
                    ),
                    Expr(4),
                ),
                (
                    Assign(
                        temp{15},
                        temp{3}.give,
                    ),
                    Expr(4),
                ),
            ],
            Assign(
                temp{13},
                Call(
                    temp{14},
                    [
                        temp{15},
                    ],
                    [
                        None,
                    ],
                ),
                BasicBlock(4),
            ),
        ),
        BasicBlock(2): BasicBlockData(
            [
                (
                    Assign(
                        temp{5},
                        Class(Id { value: 1 }).give,
                    ),
                    Expr(9),
                ),
                (
                    Assign(
                        temp{16},
                        temp{5}.give,
                    ),
                    Expr(9),
                ),
                (
                    Assign(
                        temp{6},
                        22,
                    ),
                    Expr(10),
                ),
                (
                    Assign(
                        temp{17},
                        temp{6}.give,
                    ),
                    Expr(10),
                ),
                (
                    Assign(
                        temp{7},
                        44,
                    ),
                    Expr(11),
                ),
                (
                    Assign(
                        temp{18},
                        temp{7}.give,
                    ),
                    Expr(11),
                ),
            ],
            Assign(
                temp{4},
                Call(
                    temp{16},
                    [
                        temp{17},
                        temp{18},
                    ],
                    [
                        None,
                        None,
                    ],
                ),
                BasicBlock(6),
            ),
        ),
        BasicBlock(3): BasicBlockData(
            [
                (
                    Clear(
                        temp{12},
                    ),
                    Expr(2),
                ),
                (
                    Clear(
                        temp{11},
                    ),
                    Expr(16),
                ),
                (
                    Assign(
                        temp{8},
                        Print.give,
                    ),
                    Expr(17),
                ),
                (
                    Assign(
                        temp{20},
                        temp{8}.give,
                    ),
                    Expr(17),
                ),
                (
                    Assign(
                        temp{9},
                        p{0}.give,
                    ),
                    Expr(18),
                ),
                (
                    Assign(
                        temp{21},
                        temp{9}.give,
                    ),
                    Expr(18),
                ),
            ],
            Assign(
                temp{19},
                Call(
                    temp{20},
                    [
                        temp{21},
                    ],
                    [
                        None,
                    ],
                ),
                BasicBlock(7),
            ),
        ),
        BasicBlock(4): BasicBlockData(
            [
                (
                    Clear(
                        temp{15},
                    ),
                    Expr(4),
                ),
                (
                    Clear(
                        temp{14},
                    ),
                    Expr(3),
                ),
            ],
            Assign(
                temp{11},
                Await(
                    temp{13},
                ),
                BasicBlock(5),
            ),
        ),
        BasicBlock(5): BasicBlockData(
            [
                (
                    Clear(
                        temp{13},
                    ),
                    Expr(5),
                ),
                (
                    Clear(
                        temp{2},
                    ),
                    Expr(7),
                ),
                (
                    Clear(
                        temp{3},
                    ),
                    Expr(7),
                ),
            ],
            Goto(
                BasicBlock(3),
            ),
        ),
        BasicBlock(6): BasicBlockData(
            [
                (
                    Clear(
                        temp{18},
                    ),
                    Expr(11),
                ),
                (
                    Clear(
                        temp{17},
                    ),
                    Expr(10),
                ),
                (
                    Clear(
                        temp{16},
                    ),
                    Expr(9),
                ),
                (
                    Assign(
                        p{0},
                        temp{4}.lease,
                    ),
                    Expr(13),
                ),
                (
                    Assign(
                        temp{11},
                        (),
                    ),
                    Expr(14),
                ),
                (
                    Clear(
                        temp{4},
                    ),
                    Expr(15),
                ),
                (
                    Clear(
                        temp{5},
                    ),
                    Expr(15),
                ),
                (
                    Clear(
                        temp{6},
                    ),
                    Expr(15),
                ),
                (
                    Clear(
                        temp{7},
                    ),
                    Expr(15),
                ),
            ],
            Goto(
                BasicBlock(3),
            ),
        ),
        BasicBlock(7): BasicBlockData(
            [
                (
                    Clear(
                        temp{21},
                    ),
                    Expr(18),
                ),
                (
                    Clear(
                        temp{20},
                    ),
                    Expr(17),
                ),
            ],
            Assign(
                temp{10},
                Await(
                    temp{19},
                ),
                BasicBlock(8),
            ),
        ),
        BasicBlock(8): BasicBlockData(
            [
                (
                    Clear(
                        temp{19},
                    ),
                    Expr(19),
                ),
            ],
            Return(
                temp{10},
            ),
        ),
    },
]