[
    syntax::Tree {
        origin: Code(
            Some(
                Tokens(dada_tests/interpret/ops/ops_unsuffixed.dada:1:15:1:15),
            ),
            Tokens(dada_tests/interpret/ops/ops_unsuffixed.dada:1:18:21:1),
        ),
        data: syntax::Tree {
            root_expr: (
                Expr(44),
                Seq(
                    [
                        (
                            Expr(10),
                            If(
                                (
                                    Expr(4),
                                    Op(
                                        (
                                            Expr(2),
                                            Op(
                                                (
                                                    Expr(0),
                                                    Integer(
                                                        "1_",
                                                    ),
                                                ),
                                                Plus,
                                                (
                                                    Expr(1),
                                                    Integer(
                                                        "1",
                                                    ),
                                                ),
                                            ),
                                        ),
                                        EqualEqual,
                                        (
                                            Expr(3),
                                            Integer(
                                                "2",
                                            ),
                                        ),
                                    ),
                                ),
                                (
                                    Expr(9),
                                    Seq(
                                        [
                                            (
                                                Expr(8),
                                                Await(
                                                    (
                                                        Expr(7),
                                                        Call(
                                                            (
                                                                Expr(5),
                                                                Id(
                                                                    "print",
                                                                ),
                                                            ),
                                                            [
                                                                (
                                                                    None,
                                                                    (
                                                                        Expr(6),
                                                                        String(
                                                                            "1_u + 1 == 2",
                                                                        ),
                                                                    ),
                                                                ),
                                                            ],
                                                        ),
                                                    ),
                                                ),
                                            ),
                                        ],
                                    ),
                                ),
                                None,
                            ),
                        ),
                        (
                            Expr(21),
                            If(
                                (
                                    Expr(15),
                                    Op(
                                        (
                                            Expr(13),
                                            Op(
                                                (
                                                    Expr(11),
                                                    Integer(
                                                        "1",
                                                    ),
                                                ),
                                                Plus,
                                                (
                                                    Expr(12),
                                                    Integer(
                                                        "1_",
                                                    ),
                                                ),
                                            ),
                                        ),
                                        EqualEqual,
                                        (
                                            Expr(14),
                                            Integer(
                                                "2",
                                            ),
                                        ),
                                    ),
                                ),
                                (
                                    Expr(20),
                                    Seq(
                                        [
                                            (
                                                Expr(19),
                                                Await(
                                                    (
                                                        Expr(18),
                                                        Call(
                                                            (
                                                                Expr(16),
                                                                Id(
                                                                    "print",
                                                                ),
                                                            ),
                                                            [
                                                                (
                                                                    None,
                                                                    (
                                                                        Expr(17),
                                                                        String(
                                                                            "1 + 1_u == 2",
                                                                        ),
                                                                    ),
                                                                ),
                                                            ],
                                                        ),
                                                    ),
                                                ),
                                            ),
                                        ],
                                    ),
                                ),
                                None,
                            ),
                        ),
                        (
                            Expr(32),
                            If(
                                (
                                    Expr(26),
                                    Op(
                                        (
                                            Expr(24),
                                            Op(
                                                (
                                                    Expr(22),
                                                    Integer(
                                                        "1_",
                                                    ),
                                                ),
                                                Plus,
                                                (
                                                    Expr(23),
                                                    Integer(
                                                        "1",
                                                    ),
                                                ),
                                            ),
                                        ),
                                        EqualEqual,
                                        (
                                            Expr(25),
                                            Integer(
                                                "2",
                                            ),
                                        ),
                                    ),
                                ),
                                (
                                    Expr(31),
                                    Seq(
                                        [
                                            (
                                                Expr(30),
                                                Await(
                                                    (
                                                        Expr(29),
                                                        Call(
                                                            (
                                                                Expr(27),
                                                                Id(
                                                                    "print",
                                                                ),
                                                            ),
                                                            [
                                                                (
                                                                    None,
                                                                    (
                                                                        Expr(28),
                                                                        String(
                                                                            "1_i + 1 == 2",
                                                                        ),
                                                                    ),
                                                                ),
                                                            ],
                                                        ),
                                                    ),
                                                ),
                                            ),
                                        ],
                                    ),
                                ),
                                None,
                            ),
                        ),
                        (
                            Expr(43),
                            If(
                                (
                                    Expr(37),
                                    Op(
                                        (
                                            Expr(35),
                                            Op(
                                                (
                                                    Expr(33),
                                                    Integer(
                                                        "1",
                                                    ),
                                                ),
                                                Plus,
                                                (
                                                    Expr(34),
                                                    Integer(
                                                        "1_",
                                                    ),
                                                ),
                                            ),
                                        ),
                                        EqualEqual,
                                        (
                                            Expr(36),
                                            Integer(
                                                "2",
                                            ),
                                        ),
                                    ),
                                ),
                                (
                                    Expr(42),
                                    Seq(
                                        [
                                            (
                                                Expr(41),
                                                Await(
                                                    (
                                                        Expr(40),
                                                        Call(
                                                            (
                                                                Expr(38),
                                                                Id(
                                                                    "print",
                                                                ),
                                                            ),
                                                            [
                                                                (
                                                                    None,
                                                                    (
                                                                        Expr(39),
                                                                        String(
                                                                            "1 + 1_i == 2",
                                                                        ),
                                                                    ),
                                                                ),
                                                            ],
                                                        ),
                                                    ),
                                                ),
                                            ),
                                        ],
                                    ),
                                ),
                                None,
                            ),
                        ),
                    ],
                ),
            ),
        },
    },
]