[
    syntax::Tree {
        origin: Code(
            Some(
                Tokens(dada_tests/validate/duplicate_class_func.dada:2:10:2:10),
            ),
            Tokens(dada_tests/validate/duplicate_class_func.dada:2:13:2:13),
        ),
        data: syntax::Tree {
            root_expr: (
                Expr(0),
                Seq(
                    [],
                ),
            ),
        },
    },
]