[
    validated::Tree {
        num_parameters: 0,
        root_expr: Seq(
            [
                Assign(
                    x{0},
                    "foo",
                ),
                Assign(
                    y{1},
                    Op(
                        Op(
                            x{0},
                            Plus,
                            44,
                        ),
                        Plus,
                        66,
                    ),
                ),
            ],
        ),
    },
]