[
    bir::Bir {
        start_basic_block: BasicBlock(0),
        BasicBlock(0): BasicBlockData(
            [
                (
                    Cusp,
                    Expr(4),
                ),
                (
                    Cusp,
                    Expr(0),
                ),
                (
                    Assign(
                        temp{2},
                        10,
                    ),
                    Expr(1),
                ),
                (
                    Cusp,
                    Expr(1),
                ),
                (
                    Assign(
                        temp{3},
                        22,
                    ),
                    Expr(2),
                ),
                (
                    Cusp,
                    Expr(2),
                ),
                (
                    Cusp,
                    Expr(3),
                ),
            ],
            Assign(
                x{0},
                Call(
                    Class(Id { value: 1 }),
                    [
                        temp{2},
                        temp{3},
                    ],
                    [
                        Some(
                            "arg",
                        ),
                        Some(
                            "arg2",
                        ),
                    ],
                ),
                BasicBlock(1),
            ),
        ),
        BasicBlock(1): BasicBlockData(
            [
                (
                    Cusp,
                    Expr(4),
                ),
                (
                    Assign(
                        temp{1},
                        (),
                    ),
                    Expr(4),
                ),
                (
                    Cusp,
                    Expr(5),
                ),
            ],
            Return(
                temp{1},
            ),
        ),
    },
]