[
    bir::Bir {
        start_basic_block: BasicBlock(0),
        BasicBlock(0): BasicBlockData(
            [
                (
                    BreakpoingStart(
                        "async",
                        0,
                    ),
                    Expr(0),
                ),
                (
                    AssignExpr(
                        x{0},
                        22,
                    ),
                    Expr(0),
                ),
                (
                    BreakpointEnd(
                        "async",
                        0,
                        Expr(0),
                        Some(
                            x{0},
                        ),
                    ),
                    Expr(0),
                ),
                (
                    AssignExpr(
                        y{1},
                        44,
                    ),
                    Expr(2),
                ),
                (
                    AssignExpr(
                        temp{2},
                        (),
                    ),
                    Expr(4),
                ),
            ],
            Return(
                temp{2},
            ),
        ),
    },
]