[
    bir::Bir {
        start_basic_block: BasicBlock(0),
        BasicBlock(0): BasicBlockData(
            [
                (
                    Cusp,
                    Expr(0),
                ),
                (
                    Assign(
                        temp{2},
                        Class(Id { value: 1 }).give,
                    ),
                    Expr(0),
                ),
                (
                    Cusp,
                    Expr(0),
                ),
                (
                    Assign(
                        temp{7},
                        temp{2}.give,
                    ),
                    Expr(0),
                ),
                (
                    Assign(
                        temp{3},
                        "foo",
                    ),
                    Expr(1),
                ),
                (
                    Cusp,
                    Expr(1),
                ),
                (
                    Assign(
                        temp{8},
                        temp{3}.give,
                    ),
                    Expr(1),
                ),
            ],
            Assign(
                temp{1},
                Call(
                    temp{7},
                    [
                        temp{8},
                    ],
                    [
                        None,
                    ],
                ),
                BasicBlock(1),
            ),
        ),
        BasicBlock(1): BasicBlockData(
            [
                (
                    Cusp,
                    Expr(2),
                ),
                (
                    Assign(
                        t{0},
                        temp{1}.give,
                    ),
                    Expr(2),
                ),
                (
                    Cusp,
                    Expr(3),
                ),
                (
                    Cusp,
                    Expr(4),
                ),
                (
                    Assign(
                        temp{4},
                        Print.give,
                    ),
                    Expr(4),
                ),
                (
                    Cusp,
                    Expr(4),
                ),
                (
                    Assign(
                        temp{10},
                        temp{4}.give,
                    ),
                    Expr(4),
                ),
                (
                    Cusp,
                    Expr(5),
                ),
                (
                    Cusp,
                    Expr(6),
                ),
                (
                    Assign(
                        temp{5},
                        t{0}.a.give,
                    ),
                    Expr(6),
                ),
                (
                    Cusp,
                    Expr(6),
                ),
                (
                    Assign(
                        temp{11},
                        temp{5}.give,
                    ),
                    Expr(6),
                ),
            ],
            Assign(
                temp{9},
                Call(
                    temp{10},
                    [
                        temp{11},
                    ],
                    [
                        None,
                    ],
                ),
                BasicBlock(2),
            ),
        ),
        BasicBlock(2): BasicBlockData(
            [
                (
                    Cusp,
                    Expr(7),
                ),
            ],
            Assign(
                temp{6},
                Await(
                    temp{9},
                ),
                BasicBlock(3),
            ),
        ),
        BasicBlock(3): BasicBlockData(
            [
                (
                    Cusp,
                    Expr(8),
                ),
                (
                    Cusp,
                    Expr(9),
                ),
            ],
            Return(
                temp{6},
            ),
        ),
    },
]