[
    validated::Tree {
        num_parameters: 0,
        root_expr: Seq(
            [
                If(
                    Op(
                        true,
                        EqualEqual,
                        true,
                    ),
                    Seq(
                        [
                            Await(
                                Call(
                                    Print,
                                    [
                                        (
                                            None,
                                            "true == true",
                                        ),
                                    ],
                                ),
                            ),
                        ],
                    ),
                    ,
                ),
                If(
                    Op(
                        false,
                        EqualEqual,
                        false,
                    ),
                    Seq(
                        [
                            Await(
                                Call(
                                    Print,
                                    [
                                        (
                                            None,
                                            "false == false",
                                        ),
                                    ],
                                ),
                            ),
                        ],
                    ),
                    ,
                ),
                If(
                    Op(
                        true,
                        EqualEqual,
                        false,
                    ),
                    Seq(
                        [
                            Await(
                                Call(
                                    Print,
                                    [
                                        (
                                            None,
                                            "error",
                                        ),
                                    ],
                                ),
                            ),
                        ],
                    ),
                    ,
                ),
                If(
                    Op(
                        1,
                        EqualEqual,
                        1,
                    ),
                    Seq(
                        [
                            Await(
                                Call(
                                    Print,
                                    [
                                        (
                                            None,
                                            "1 == 1",
                                        ),
                                    ],
                                ),
                            ),
                        ],
                    ),
                    ,
                ),
                If(
                    Op(
                        1,
                        EqualEqual,
                        2,
                    ),
                    Seq(
                        [
                            Await(
                                Call(
                                    Print,
                                    [
                                        (
                                            None,
                                            "error",
                                        ),
                                    ],
                                ),
                            ),
                        ],
                    ),
                    ,
                ),
                If(
                    Op(
                        "a",
                        EqualEqual,
                        "a",
                    ),
                    Seq(
                        [
                            Await(
                                Call(
                                    Print,
                                    [
                                        (
                                            None,
                                            "a == a",
                                        ),
                                    ],
                                ),
                            ),
                        ],
                    ),
                    ,
                ),
                If(
                    Op(
                        "a",
                        EqualEqual,
                        "b",
                    ),
                    Seq(
                        [
                            Await(
                                Call(
                                    Print,
                                    [
                                        (
                                            None,
                                            "error",
                                        ),
                                    ],
                                ),
                            ),
                        ],
                    ),
                    ,
                ),
                If(
                    Op(
                        ,
                        EqualEqual,
                        ,
                    ),
                    Seq(
                        [
                            Await(
                                Call(
                                    Print,
                                    [
                                        (
                                            None,
                                            "() == ()",
                                        ),
                                    ],
                                ),
                            ),
                        ],
                    ),
                    ,
                ),
            ],
        ),
    },
]