[
    syntax::Tree {
        origin: Code(
            Some(
                [],
            ),
            [
                Whitespace(
                    '\n',
                ),
                Whitespace(
                    ' ',
                ),
                Whitespace(
                    ' ',
                ),
                Whitespace(
                    ' ',
                ),
                Whitespace(
                    ' ',
                ),
                FormatString(
                    FormatString(
                        Id {
                            value: 1,
                        },
                    ),
                ),
                Whitespace(
                    ' ',
                ),
                Op(
                    '>',
                ),
                Whitespace(
                    ' ',
                ),
                FormatString(
                    FormatString(
                        Id {
                            value: 2,
                        },
                    ),
                ),
                Whitespace(
                    '\n',
                ),
            ],
        ),
    },
]