[
    syntax::Tree {
        origin: Code(
            Some(
                Tokens(dada_tests/reservations/our-to-our-leased-field.dada:5:15:5:15),
            ),
            Tokens(dada_tests/reservations/our-to-our-leased-field.dada:5:18:15:1),
        ),
        data: syntax::Tree {
            root_expr: (
                Expr(35),
                Seq(
                    [
                        (
                            Expr(4),
                            Var(
                                (
                                    "p",
                                    None,
                                ),
                                (
                                    Expr(3),
                                    Call(
                                        (
                                            Expr(0),
                                            Id(
                                                "Point",
                                            ),
                                        ),
                                        [
                                            (
                                                None,
                                                (
                                                    Expr(1),
                                                    Integer(
                                                        "22",
                                                    ),
                                                ),
                                            ),
                                            (
                                                None,
                                                (
                                                    Expr(2),
                                                    Integer(
                                                        "44",
                                                    ),
                                                ),
                                            ),
                                        ],
                                    ),
                                ),
                            ),
                        ),
                        (
                            Expr(8),
                            Var(
                                (
                                    "q",
                                    None,
                                ),
                                (
                                    Expr(7),
                                    Call(
                                        (
                                            Expr(5),
                                            Id(
                                                "OurLeased",
                                            ),
                                        ),
                                        [
                                            (
                                                None,
                                                (
                                                    Expr(6),
                                                    Id(
                                                        "p",
                                                    ),
                                                ),
                                            ),
                                        ],
                                    ),
                                ),
                            ),
                        ),
                        (
                            Expr(13),
                            Await(
                                (
                                    Expr(12),
                                    Call(
                                        (
                                            Expr(9),
                                            Id(
                                                "print",
                                            ),
                                        ),
                                        [
                                            (
                                                None,
                                                (
                                                    Expr(11),
                                                    Lease(
                                                        (
                                                            Expr(10),
                                                            Id(
                                                                "q",
                                                            ),
                                                        ),
                                                    ),
                                                ),
                                            ),
                                        ],
                                    ),
                                ),
                            ),
                        ),
                        (
                            Expr(19),
                            Assign(
                                (
                                    Expr(14),
                                    Id(
                                        "p",
                                    ),
                                ),
                                (
                                    Expr(18),
                                    Call(
                                        (
                                            Expr(15),
                                            Id(
                                                "Point",
                                            ),
                                        ),
                                        [
                                            (
                                                None,
                                                (
                                                    Expr(16),
                                                    Integer(
                                                        "44",
                                                    ),
                                                ),
                                            ),
                                            (
                                                None,
                                                (
                                                    Expr(17),
                                                    Integer(
                                                        "66",
                                                    ),
                                                ),
                                            ),
                                        ],
                                    ),
                                ),
                            ),
                        ),
                        (
                            Expr(24),
                            Await(
                                (
                                    Expr(23),
                                    Call(
                                        (
                                            Expr(20),
                                            Id(
                                                "print",
                                            ),
                                        ),
                                        [
                                            (
                                                None,
                                                (
                                                    Expr(22),
                                                    Lease(
                                                        (
                                                            Expr(21),
                                                            Id(
                                                                "q",
                                                            ),
                                                        ),
                                                    ),
                                                ),
                                            ),
                                        ],
                                    ),
                                ),
                            ),
                        ),
                        (
                            Expr(29),
                            Await(
                                (
                                    Expr(28),
                                    Call(
                                        (
                                            Expr(25),
                                            Id(
                                                "print",
                                            ),
                                        ),
                                        [
                                            (
                                                None,
                                                (
                                                    Expr(27),
                                                    Lease(
                                                        (
                                                            Expr(26),
                                                            Id(
                                                                "p",
                                                            ),
                                                        ),
                                                    ),
                                                ),
                                            ),
                                        ],
                                    ),
                                ),
                            ),
                        ),
                        (
                            Expr(34),
                            Await(
                                (
                                    Expr(33),
                                    Call(
                                        (
                                            Expr(30),
                                            Id(
                                                "print",
                                            ),
                                        ),
                                        [
                                            (
                                                None,
                                                (
                                                    Expr(32),
                                                    Lease(
                                                        (
                                                            Expr(31),
                                                            Id(
                                                                "q",
                                                            ),
                                                        ),
                                                    ),
                                                ),
                                            ),
                                        ],
                                    ),
                                ),
                            ),
                        ),
                    ],
                ),
            ),
        },
    },
]