[
    syntax::Tree {
        origin: Code(
            Some(
                Tokens(dada_tests/permissions/dyn_tutorial/tutorial-share-20.dada:3:15:3:15),
            ),
            Tokens(dada_tests/permissions/dyn_tutorial/tutorial-share-20.dada:3:18:12:1),
        ),
        data: syntax::Tree {
            root_expr: (
                Expr(15),
                Seq(
                    [
                        (
                            Expr(5),
                            Var(
                                (
                                    "p",
                                    None,
                                ),
                                (
                                    Expr(4),
                                    Share(
                                        (
                                            Expr(3),
                                            Call(
                                                (
                                                    Expr(0),
                                                    Id(
                                                        "Point",
                                                    ),
                                                ),
                                                [
                                                    (
                                                        Some(
                                                            "x",
                                                        ),
                                                        (
                                                            Expr(1),
                                                            Integer(
                                                                "22",
                                                            ),
                                                        ),
                                                    ),
                                                    (
                                                        Some(
                                                            "y",
                                                        ),
                                                        (
                                                            Expr(2),
                                                            Integer(
                                                                "44",
                                                            ),
                                                        ),
                                                    ),
                                                ],
                                            ),
                                        ),
                                    ),
                                ),
                            ),
                        ),
                        (
                            Expr(8),
                            Var(
                                (
                                    "q",
                                    None,
                                ),
                                (
                                    Expr(7),
                                    Share(
                                        (
                                            Expr(6),
                                            Id(
                                                "p",
                                            ),
                                        ),
                                    ),
                                ),
                            ),
                        ),
                        (
                            Expr(11),
                            Var(
                                (
                                    "r",
                                    None,
                                ),
                                (
                                    Expr(10),
                                    Share(
                                        (
                                            Expr(9),
                                            Id(
                                                "q",
                                            ),
                                        ),
                                    ),
                                ),
                            ),
                        ),
                        (
                            Expr(14),
                            Var(
                                (
                                    "s",
                                    None,
                                ),
                                (
                                    Expr(13),
                                    Share(
                                        (
                                            Expr(12),
                                            Id(
                                                "r",
                                            ),
                                        ),
                                    ),
                                ),
                            ),
                        ),
                    ],
                ),
            ),
        },
    },
]