[
    syntax::Tree {
        origin: Code(
            Some(
                Tokens(dada_tests/parser/param_separators.dada:1:12:1:13),
            ),
            Tokens(dada_tests/parser/param_separators.dada:1:16:2:2),
        ),
        data: syntax::Tree {
            root_expr: (
                Expr(0),
                Seq(
                    [],
                ),
            ),
        },
    },
    syntax::Tree {
        origin: Code(
            Some(
                Tokens(dada_tests/parser/param_separators.dada:4:12:4:14),
            ),
            Tokens(dada_tests/parser/param_separators.dada:4:17:5:2),
        ),
        data: syntax::Tree {
            root_expr: (
                Expr(0),
                Seq(
                    [],
                ),
            ),
        },
    },
    syntax::Tree {
        origin: Code(
            Some(
                Tokens(dada_tests/parser/param_separators.dada:7:12:7:16),
            ),
            Tokens(dada_tests/parser/param_separators.dada:7:19:8:2),
        ),
        data: syntax::Tree {
            root_expr: (
                Expr(0),
                Seq(
                    [],
                ),
            ),
        },
    },
    syntax::Tree {
        origin: Code(
            Some(
                Tokens(dada_tests/parser/param_separators.dada:10:12:10:17),
            ),
            Tokens(dada_tests/parser/param_separators.dada:10:20:11:2),
        ),
        data: syntax::Tree {
            root_expr: (
                Expr(0),
                Seq(
                    [],
                ),
            ),
        },
    },
    syntax::Tree {
        origin: Code(
            Some(
                Tokens(dada_tests/parser/param_separators.dada:13:12:13:18),
            ),
            Tokens(dada_tests/parser/param_separators.dada:13:21:15:2),
        ),
        data: syntax::Tree {
            root_expr: (
                Expr(0),
                Seq(
                    [],
                ),
            ),
        },
    },
    syntax::Tree {
        origin: Code(
            Some(
                Tokens(dada_tests/parser/param_separators.dada:17:12:20:2),
            ),
            Tokens(dada_tests/parser/param_separators.dada:20:5:21:2),
        ),
        data: syntax::Tree {
            root_expr: (
                Expr(0),
                Seq(
                    [],
                ),
            ),
        },
    },
    syntax::Tree {
        origin: Code(
            Some(
                Tokens(dada_tests/parser/param_separators.dada:23:12:25:2),
            ),
            Tokens(dada_tests/parser/param_separators.dada:25:5:26:2),
        ),
        data: syntax::Tree {
            root_expr: (
                Expr(0),
                Seq(
                    [],
                ),
            ),
        },
    },
    syntax::Tree {
        origin: Code(
            Some(
                Tokens(dada_tests/parser/param_separators.dada:28:12:31:2),
            ),
            Tokens(dada_tests/parser/param_separators.dada:31:5:32:2),
        ),
        data: syntax::Tree {
            root_expr: (
                Expr(0),
                Seq(
                    [],
                ),
            ),
        },
    },
    syntax::Tree {
        origin: Code(
            Some(
                Tokens(dada_tests/parser/param_separators.dada:34:12:37:2),
            ),
            Tokens(dada_tests/parser/param_separators.dada:37:5:38:2),
        ),
        data: syntax::Tree {
            root_expr: (
                Expr(0),
                Seq(
                    [],
                ),
            ),
        },
    },
]