[
    (
        Expr(12),
        Seq(
            [
                (
                    Expr(3),
                    Await(
                        (
                            Expr(2),
                            Call(
                                (
                                    Expr(0),
                                    (
                                        Place(0),
                                        Print,
                                        ExprOrigin {
                                            syntax_expr: Expr(0),
                                            synthesized: false,
                                        },
                                    ),
                                    ExprOrigin {
                                        syntax_expr: Expr(0),
                                        synthesized: false,
                                    },
                                ),
                                [
                                    (
                                        None,
                                        (
                                            Expr(1),
                                            "Hello ",
                                            ExprOrigin {
                                                syntax_expr: Expr(1),
                                                synthesized: false,
                                            },
                                        ),
                                    ),
                                ],
                            ),
                            ExprOrigin {
                                syntax_expr: Expr(2),
                                synthesized: false,
                            },
                        ),
                    ),
                    ExprOrigin {
                        syntax_expr: Expr(3),
                        synthesized: false,
                    },
                ),
                (
                    Expr(7),
                    Await(
                        (
                            Expr(6),
                            Call(
                                (
                                    Expr(4),
                                    (
                                        Place(1),
                                        Print,
                                        ExprOrigin {
                                            syntax_expr: Expr(4),
                                            synthesized: false,
                                        },
                                    ),
                                    ExprOrigin {
                                        syntax_expr: Expr(4),
                                        synthesized: false,
                                    },
                                ),
                                [
                                    (
                                        None,
                                        (
                                            Expr(5),
                                            (
                                                Place(2),
                                                name1{0},
                                                ExprOrigin {
                                                    syntax_expr: Expr(5),
                                                    synthesized: false,
                                                },
                                            ),
                                            ExprOrigin {
                                                syntax_expr: Expr(5),
                                                synthesized: false,
                                            },
                                        ),
                                    ),
                                ],
                            ),
                            ExprOrigin {
                                syntax_expr: Expr(6),
                                synthesized: false,
                            },
                        ),
                    ),
                    ExprOrigin {
                        syntax_expr: Expr(7),
                        synthesized: false,
                    },
                ),
                (
                    Expr(11),
                    Await(
                        (
                            Expr(10),
                            Call(
                                (
                                    Expr(8),
                                    (
                                        Place(3),
                                        Print,
                                        ExprOrigin {
                                            syntax_expr: Expr(8),
                                            synthesized: false,
                                        },
                                    ),
                                    ExprOrigin {
                                        syntax_expr: Expr(8),
                                        synthesized: false,
                                    },
                                ),
                                [
                                    (
                                        None,
                                        (
                                            Expr(9),
                                            (
                                                Place(4),
                                                name2{1},
                                                ExprOrigin {
                                                    syntax_expr: Expr(9),
                                                    synthesized: false,
                                                },
                                            ),
                                            ExprOrigin {
                                                syntax_expr: Expr(9),
                                                synthesized: false,
                                            },
                                        ),
                                    ),
                                ],
                            ),
                            ExprOrigin {
                                syntax_expr: Expr(10),
                                synthesized: false,
                            },
                        ),
                    ),
                    ExprOrigin {
                        syntax_expr: Expr(11),
                        synthesized: false,
                    },
                ),
            ],
        ),
        ExprOrigin {
            syntax_expr: Expr(12),
            synthesized: false,
        },
    ),
    (
        Expr(5),
        Seq(
            [
                (
                    Expr(4),
                    Await(
                        (
                            Expr(3),
                            Call(
                                (
                                    Expr(0),
                                    (
                                        Place(0),
                                        greet2,
                                        ExprOrigin {
                                            syntax_expr: Expr(0),
                                            synthesized: false,
                                        },
                                    ),
                                    ExprOrigin {
                                        syntax_expr: Expr(0),
                                        synthesized: false,
                                    },
                                ),
                                [
                                    (
                                        None,
                                        (
                                            Expr(1),
                                            "Plusch",
                                            ExprOrigin {
                                                syntax_expr: Expr(1),
                                                synthesized: false,
                                            },
                                        ),
                                    ),
                                    (
                                        None,
                                        (
                                            Expr(2),
                                            "plusch",
                                            ExprOrigin {
                                                syntax_expr: Expr(2),
                                                synthesized: false,
                                            },
                                        ),
                                    ),
                                ],
                            ),
                            ExprOrigin {
                                syntax_expr: Expr(3),
                                synthesized: false,
                            },
                        ),
                    ),
                    ExprOrigin {
                        syntax_expr: Expr(4),
                        synthesized: false,
                    },
                ),
            ],
        ),
        ExprOrigin {
            syntax_expr: Expr(5),
            synthesized: false,
        },
    ),
]