[
    Expr(33)(
        Seq(
            [
                Expr(4)(
                    Assign(
                        TargetPlace(0)(
                            p{0},
                            ExprOrigin {
                                syntax_expr: Expr(4),
                                synthesized: true,
                            },
                        ),
                        Expr(3)(
                            Call(
                                Expr(0)(
                                    Reserve(
                                        Place(0)(
                                            Class(
                                                Id {
                                                    value: 1,
                                                },
                                            ),
                                            ExprOrigin {
                                                syntax_expr: Expr(0),
                                                synthesized: false,
                                            },
                                        ),
                                    ),
                                    ExprOrigin {
                                        syntax_expr: Expr(0),
                                        synthesized: false,
                                    },
                                ),
                                [
                                    NamedExpr(
                                        None,
                                        Expr(1)(
                                            22,
                                            ExprOrigin {
                                                syntax_expr: Expr(1),
                                                synthesized: false,
                                            },
                                        ),
                                    ),
                                    NamedExpr(
                                        None,
                                        Expr(2)(
                                            44,
                                            ExprOrigin {
                                                syntax_expr: Expr(2),
                                                synthesized: false,
                                            },
                                        ),
                                    ),
                                ],
                            ),
                            ExprOrigin {
                                syntax_expr: Expr(3),
                                synthesized: false,
                            },
                        ),
                    ),
                    ExprOrigin {
                        syntax_expr: Expr(4),
                        synthesized: false,
                    },
                ),
                Expr(7)(
                    Assign(
                        TargetPlace(1)(
                            q{1},
                            ExprOrigin {
                                syntax_expr: Expr(6),
                                synthesized: true,
                            },
                        ),
                        Expr(6)(
                            Share(
                                Expr(5)(
                                    Lease(
                                        Place(1)(
                                            p{0},
                                            ExprOrigin {
                                                syntax_expr: Expr(5),
                                                synthesized: false,
                                            },
                                        ),
                                    ),
                                    ExprOrigin {
                                        syntax_expr: Expr(5),
                                        synthesized: false,
                                    },
                                ),
                            ),
                            ExprOrigin {
                                syntax_expr: Expr(5),
                                synthesized: false,
                            },
                        ),
                    ),
                    ExprOrigin {
                        syntax_expr: Expr(6),
                        synthesized: false,
                    },
                ),
                Expr(11)(
                    Await(
                        Expr(10)(
                            Call(
                                Expr(8)(
                                    Reserve(
                                        Place(2)(
                                            Print,
                                            ExprOrigin {
                                                syntax_expr: Expr(7),
                                                synthesized: false,
                                            },
                                        ),
                                    ),
                                    ExprOrigin {
                                        syntax_expr: Expr(7),
                                        synthesized: false,
                                    },
                                ),
                                [
                                    NamedExpr(
                                        None,
                                        Expr(9)(
                                            Reserve(
                                                Place(3)(
                                                    q{1},
                                                    ExprOrigin {
                                                        syntax_expr: Expr(8),
                                                        synthesized: false,
                                                    },
                                                ),
                                            ),
                                            ExprOrigin {
                                                syntax_expr: Expr(8),
                                                synthesized: false,
                                            },
                                        ),
                                    ),
                                ],
                            ),
                            ExprOrigin {
                                syntax_expr: Expr(9),
                                synthesized: false,
                            },
                        ),
                    ),
                    ExprOrigin {
                        syntax_expr: Expr(10),
                        synthesized: false,
                    },
                ),
                Expr(16)(
                    Assign(
                        TargetPlace(2)(
                            p{0},
                            ExprOrigin {
                                syntax_expr: Expr(11),
                                synthesized: false,
                            },
                        ),
                        Expr(15)(
                            Call(
                                Expr(12)(
                                    Reserve(
                                        Place(4)(
                                            Class(
                                                Id {
                                                    value: 1,
                                                },
                                            ),
                                            ExprOrigin {
                                                syntax_expr: Expr(12),
                                                synthesized: false,
                                            },
                                        ),
                                    ),
                                    ExprOrigin {
                                        syntax_expr: Expr(12),
                                        synthesized: false,
                                    },
                                ),
                                [
                                    NamedExpr(
                                        None,
                                        Expr(13)(
                                            44,
                                            ExprOrigin {
                                                syntax_expr: Expr(13),
                                                synthesized: false,
                                            },
                                        ),
                                    ),
                                    NamedExpr(
                                        None,
                                        Expr(14)(
                                            66,
                                            ExprOrigin {
                                                syntax_expr: Expr(14),
                                                synthesized: false,
                                            },
                                        ),
                                    ),
                                ],
                            ),
                            ExprOrigin {
                                syntax_expr: Expr(15),
                                synthesized: false,
                            },
                        ),
                    ),
                    ExprOrigin {
                        syntax_expr: Expr(16),
                        synthesized: false,
                    },
                ),
                Expr(19)(
                    Assign(
                        TargetPlace(3)(
                            q{1},
                            ExprOrigin {
                                syntax_expr: Expr(17),
                                synthesized: false,
                            },
                        ),
                        Expr(18)(
                            Share(
                                Expr(17)(
                                    Lease(
                                        Place(5)(
                                            p{0},
                                            ExprOrigin {
                                                syntax_expr: Expr(18),
                                                synthesized: false,
                                            },
                                        ),
                                    ),
                                    ExprOrigin {
                                        syntax_expr: Expr(18),
                                        synthesized: false,
                                    },
                                ),
                            ),
                            ExprOrigin {
                                syntax_expr: Expr(18),
                                synthesized: false,
                            },
                        ),
                    ),
                    ExprOrigin {
                        syntax_expr: Expr(19),
                        synthesized: false,
                    },
                ),
                Expr(24)(
                    Assign(
                        TargetPlace(4)(
                            p{0},
                            ExprOrigin {
                                syntax_expr: Expr(20),
                                synthesized: false,
                            },
                        ),
                        Expr(23)(
                            Call(
                                Expr(20)(
                                    Reserve(
                                        Place(6)(
                                            Class(
                                                Id {
                                                    value: 1,
                                                },
                                            ),
                                            ExprOrigin {
                                                syntax_expr: Expr(21),
                                                synthesized: false,
                                            },
                                        ),
                                    ),
                                    ExprOrigin {
                                        syntax_expr: Expr(21),
                                        synthesized: false,
                                    },
                                ),
                                [
                                    NamedExpr(
                                        None,
                                        Expr(21)(
                                            33,
                                            ExprOrigin {
                                                syntax_expr: Expr(22),
                                                synthesized: false,
                                            },
                                        ),
                                    ),
                                    NamedExpr(
                                        None,
                                        Expr(22)(
                                            55,
                                            ExprOrigin {
                                                syntax_expr: Expr(23),
                                                synthesized: false,
                                            },
                                        ),
                                    ),
                                ],
                            ),
                            ExprOrigin {
                                syntax_expr: Expr(24),
                                synthesized: false,
                            },
                        ),
                    ),
                    ExprOrigin {
                        syntax_expr: Expr(25),
                        synthesized: false,
                    },
                ),
                Expr(28)(
                    Await(
                        Expr(27)(
                            Call(
                                Expr(25)(
                                    Reserve(
                                        Place(7)(
                                            Print,
                                            ExprOrigin {
                                                syntax_expr: Expr(26),
                                                synthesized: false,
                                            },
                                        ),
                                    ),
                                    ExprOrigin {
                                        syntax_expr: Expr(26),
                                        synthesized: false,
                                    },
                                ),
                                [
                                    NamedExpr(
                                        None,
                                        Expr(26)(
                                            Reserve(
                                                Place(8)(
                                                    p{0},
                                                    ExprOrigin {
                                                        syntax_expr: Expr(27),
                                                        synthesized: false,
                                                    },
                                                ),
                                            ),
                                            ExprOrigin {
                                                syntax_expr: Expr(27),
                                                synthesized: false,
                                            },
                                        ),
                                    ),
                                ],
                            ),
                            ExprOrigin {
                                syntax_expr: Expr(28),
                                synthesized: false,
                            },
                        ),
                    ),
                    ExprOrigin {
                        syntax_expr: Expr(29),
                        synthesized: false,
                    },
                ),
                Expr(32)(
                    Await(
                        Expr(31)(
                            Call(
                                Expr(29)(
                                    Reserve(
                                        Place(9)(
                                            Print,
                                            ExprOrigin {
                                                syntax_expr: Expr(30),
                                                synthesized: false,
                                            },
                                        ),
                                    ),
                                    ExprOrigin {
                                        syntax_expr: Expr(30),
                                        synthesized: false,
                                    },
                                ),
                                [
                                    NamedExpr(
                                        None,
                                        Expr(30)(
                                            Reserve(
                                                Place(10)(
                                                    q{1},
                                                    ExprOrigin {
                                                        syntax_expr: Expr(31),
                                                        synthesized: false,
                                                    },
                                                ),
                                            ),
                                            ExprOrigin {
                                                syntax_expr: Expr(31),
                                                synthesized: false,
                                            },
                                        ),
                                    ),
                                ],
                            ),
                            ExprOrigin {
                                syntax_expr: Expr(32),
                                synthesized: false,
                            },
                        ),
                    ),
                    ExprOrigin {
                        syntax_expr: Expr(33),
                        synthesized: false,
                    },
                ),
            ],
        ),
        ExprOrigin {
            syntax_expr: Expr(34),
            synthesized: false,
        },
    ),
]