[
    bir::Bir {
        start_basic_block: BasicBlock(0),
        BasicBlock(0): BasicBlockData(
            [
                (
                    AssignExpr(
                        temp{3},
                        Class(Id { value: 1 }).reserve,
                    ),
                    Expr(0),
                ),
                (
                    AssignExpr(
                        temp{4},
                        22,
                    ),
                    Expr(1),
                ),
                (
                    AssignExpr(
                        temp{5},
                        44,
                    ),
                    Expr(2),
                ),
            ],
            Assign(
                p{0},
                Call(
                    temp{3},
                    [
                        temp{4},
                        temp{5},
                    ],
                    [
                        None,
                        None,
                    ],
                ),
                BasicBlock(1),
            ),
        ),
        BasicBlock(1): BasicBlockData(
            [
                (
                    Clear(
                        temp{5},
                    ),
                    Expr(2),
                ),
                (
                    Clear(
                        temp{4},
                    ),
                    Expr(1),
                ),
                (
                    Clear(
                        temp{3},
                    ),
                    Expr(0),
                ),
                (
                    AssignExpr(
                        temp{6},
                        p{0}.lease,
                    ),
                    Expr(5),
                ),
                (
                    AssignExpr(
                        q{1},
                        temp{6}.share,
                    ),
                    Expr(5),
                ),
                (
                    Clear(
                        temp{6},
                    ),
                    Expr(5),
                ),
                (
                    AssignExpr(
                        temp{7},
                        Class(Id { value: 1 }).reserve,
                    ),
                    Expr(8),
                ),
                (
                    AssignExpr(
                        temp{8},
                        44,
                    ),
                    Expr(9),
                ),
                (
                    AssignExpr(
                        temp{9},
                        66,
                    ),
                    Expr(10),
                ),
            ],
            Assign(
                p{0},
                Call(
                    temp{7},
                    [
                        temp{8},
                        temp{9},
                    ],
                    [
                        None,
                        None,
                    ],
                ),
                BasicBlock(2),
            ),
        ),
        BasicBlock(2): BasicBlockData(
            [
                (
                    Clear(
                        temp{9},
                    ),
                    Expr(10),
                ),
                (
                    Clear(
                        temp{8},
                    ),
                    Expr(9),
                ),
                (
                    Clear(
                        temp{7},
                    ),
                    Expr(8),
                ),
                (
                    AssignExpr(
                        temp{12},
                        Print.reserve,
                    ),
                    Expr(13),
                ),
                (
                    AssignExpr(
                        temp{13},
                        p{0}.reserve,
                    ),
                    Expr(14),
                ),
            ],
            Assign(
                temp{11},
                Call(
                    temp{12},
                    [
                        temp{13},
                    ],
                    [
                        None,
                    ],
                ),
                BasicBlock(3),
            ),
        ),
        BasicBlock(3): BasicBlockData(
            [
                (
                    Clear(
                        temp{13},
                    ),
                    Expr(14),
                ),
                (
                    Clear(
                        temp{12},
                    ),
                    Expr(13),
                ),
            ],
            Assign(
                temp{10},
                Await(
                    temp{11},
                ),
                BasicBlock(4),
            ),
        ),
        BasicBlock(4): BasicBlockData(
            [
                (
                    Clear(
                        temp{11},
                    ),
                    Expr(15),
                ),
                (
                    Clear(
                        temp{10},
                    ),
                    Expr(16),
                ),
                (
                    AssignExpr(
                        temp{15},
                        Print.reserve,
                    ),
                    Expr(17),
                ),
                (
                    AssignExpr(
                        temp{16},
                        q{1}.reserve,
                    ),
                    Expr(18),
                ),
            ],
            Assign(
                temp{14},
                Call(
                    temp{15},
                    [
                        temp{16},
                    ],
                    [
                        None,
                    ],
                ),
                BasicBlock(5),
            ),
        ),
        BasicBlock(5): BasicBlockData(
            [
                (
                    Clear(
                        temp{16},
                    ),
                    Expr(18),
                ),
                (
                    Clear(
                        temp{15},
                    ),
                    Expr(17),
                ),
            ],
            Assign(
                temp{2},
                Await(
                    temp{14},
                ),
                BasicBlock(6),
            ),
        ),
        BasicBlock(6): BasicBlockData(
            [
                (
                    Clear(
                        temp{14},
                    ),
                    Expr(19),
                ),
            ],
            Return(
                temp{2},
            ),
        ),
    },
]