# Breakpoint: Expr(14) at dada_tests/permissions/dyn_tutorial/tutorial-lease-20.dada:7:5:7:13
digraph {
  node[shape = "note"];
  rankdir = "LR";
  subgraph cluster_after {
    label=<<b>after</b>>
    subgraph cluster_afterstack {
      label=<<b>stack</b>>
      rank="source";
      afterstack[
        shape="none";
        label=<
          <table border="0">
          <tr><td border="1">main</td></tr>
          <tr><td port="0"><font color="black">p</font></td></tr>
          <tr><td port="1"><font color="black">q</font></td></tr>
          <tr><td port="2"><font color="black">r</font></td></tr>
          </table>
        >;
      ];
    }
    afternode0 [
      label = <<table border="0">
        <tr><td border="1">Point</td></tr>
        <tr><td port="0"><font color="slategray">x: "23"</font></td></tr>
        <tr><td port="1"><font color="slategray">y: "44"</font></td></tr>
      </table>>
    ];
    "afterstack":0 -> "afternode0" [label="my", style="dotted", penwidth=3.0, arrowtype="normal", color="red"];
    "afterstack":1 -> "afternode0" [label="leased", style="dotted", penwidth=1.0, arrowtype="empty", color="red"];
    "afterstack":2 -> "afternode0" [label="leased", style="solid", penwidth=1.0, arrowtype="empty", color="red"];
  }
  subgraph cluster_before {
    label=<<b>before</b>>
    subgraph cluster_beforestack {
      label=<<b>stack</b>>
      rank="source";
      beforestack[
        shape="none";
        label=<
          <table border="0">
          <tr><td border="1">main</td></tr>
          <tr><td port="0"><font color="black">p</font></td></tr>
          <tr><td port="1"><font color="black">q</font></td></tr>
          <tr><td port="2"><font color="black">r</font></td></tr>
          </table>
        >;
      ];
    }
    beforenode0 [
      label = <<table border="0">
        <tr><td border="1">Point</td></tr>
        <tr><td port="0"><font color="black">x: "22"</font></td></tr>
        <tr><td port="1"><font color="slategray">y: "44"</font></td></tr>
      </table>>
    ];
    "beforestack":0 -> "beforenode0" [label="my", style="dotted", penwidth=3.0, arrowtype="normal", color="red"];
    "beforestack":1 -> "beforenode0" [label="leased", style="dotted", penwidth=1.0, arrowtype="empty", color="red"];
    "beforestack":2 -> "beforenode0" [label="leased", style="solid", penwidth=1.0, arrowtype="empty", color="red"];
  }
}
[31mError:[0m cannot access leased data
    [38;5;246m╭[0m[38;5;246m─[0m[38;5;246m[[0mdada_tests/permissions/dyn_tutorial/tutorial-lease-20.dada:11:11[38;5;246m][0m
    [38;5;246m│[0m
 [38;5;246m 5 │[0m [38;5;249m [0m[38;5;249m [0m[38;5;249m [0m[38;5;249m [0m[38;5;249ml[0m[38;5;249me[0m[38;5;249mt[0m[38;5;249m [0m[38;5;249mq[0m[38;5;249m [0m[38;5;249m=[0m[38;5;249m [0mp.lease
 [38;5;246m   ·[0m             ───┬───  
 [38;5;246m   ·[0m                ╰───── lease created here
 [38;5;246m   ·[0m 
 [38;5;246m11 │[0m [38;5;249m [0m[38;5;249m [0m[38;5;249m [0m[38;5;249m [0m[38;5;249mp[0m[38;5;249mr[0m[38;5;249mi[0m[38;5;249mn[0m[38;5;249mt[0m[38;5;249m([0mp.x[38;5;249m)[0m[38;5;249m.[0m[38;5;249ma[0m[38;5;249mw[0m[38;5;249ma[0m[38;5;249mi[0m[38;5;249mt[0m[38;5;249m [0m[38;5;249m#[0m[38;5;249m![0m[38;5;249m [0m[38;5;249mO[0m[38;5;249mU[0m[38;5;249mT[0m[38;5;249mP[0m[38;5;249mU[0m[38;5;249mT[0m[38;5;249m [0m[38;5;249m2[0m[38;5;249m3[0m
 [38;5;246m   ·[0m           ─┬─  
 [38;5;246m   ·[0m            ╰─── access occurs here
[38;5;246m────╯[0m
