[
    syntax::Tree {
        origin: Code(
            Some(
                Tokens(dada_tests/interpret/ops/op_bool_times.dada:1:9:1:9),
            ),
            Tokens(dada_tests/interpret/ops/op_bool_times.dada:1:12:4:1),
        ),
        data: syntax::Tree {
            root_expr: (
                Expr(3),
                Seq(
                    [
                        (
                            Expr(2),
                            Op(
                                (
                                    Expr(0),
                                    Boolean(
                                        true,
                                    ),
                                ),
                                Times,
                                (
                                    Expr(1),
                                    Boolean(
                                        false,
                                    ),
                                ),
                            ),
                        ),
                    ],
                ),
            ),
        },
    },
]