[
    (
        Expr(0),
        Seq(
            [],
        ),
        ExprOrigin {
            syntax_expr: Expr(0),
            synthesized: false,
        },
    ),
    (
        Expr(16),
        Seq(
            [
                (
                    Expr(3),
                    Call(
                        (
                            Expr(0),
                            (
                                Place(0),
                                foo,
                                ExprOrigin {
                                    syntax_expr: Expr(0),
                                    synthesized: false,
                                },
                            ),
                            ExprOrigin {
                                syntax_expr: Expr(0),
                                synthesized: false,
                            },
                        ),
                        [
                            (
                                None,
                                (
                                    Expr(1),
                                    "a",
                                    ExprOrigin {
                                        syntax_expr: Expr(1),
                                        synthesized: false,
                                    },
                                ),
                            ),
                            (
                                None,
                                (
                                    Expr(2),
                                    "b",
                                    ExprOrigin {
                                        syntax_expr: Expr(2),
                                        synthesized: false,
                                    },
                                ),
                            ),
                        ],
                    ),
                    ExprOrigin {
                        syntax_expr: Expr(3),
                        synthesized: false,
                    },
                ),
                (
                    Expr(7),
                    Call(
                        (
                            Expr(4),
                            (
                                Place(1),
                                foo,
                                ExprOrigin {
                                    syntax_expr: Expr(4),
                                    synthesized: false,
                                },
                            ),
                            ExprOrigin {
                                syntax_expr: Expr(4),
                                synthesized: false,
                            },
                        ),
                        [
                            (
                                Some(
                                    "a",
                                ),
                                (
                                    Expr(5),
                                    "a",
                                    ExprOrigin {
                                        syntax_expr: Expr(5),
                                        synthesized: false,
                                    },
                                ),
                            ),
                            (
                                None,
                                (
                                    Expr(6),
                                    "b",
                                    ExprOrigin {
                                        syntax_expr: Expr(6),
                                        synthesized: false,
                                    },
                                ),
                            ),
                        ],
                    ),
                    ExprOrigin {
                        syntax_expr: Expr(7),
                        synthesized: false,
                    },
                ),
                (
                    Expr(11),
                    Call(
                        (
                            Expr(8),
                            (
                                Place(2),
                                foo,
                                ExprOrigin {
                                    syntax_expr: Expr(8),
                                    synthesized: false,
                                },
                            ),
                            ExprOrigin {
                                syntax_expr: Expr(8),
                                synthesized: false,
                            },
                        ),
                        [
                            (
                                None,
                                (
                                    Expr(9),
                                    "a",
                                    ExprOrigin {
                                        syntax_expr: Expr(9),
                                        synthesized: false,
                                    },
                                ),
                            ),
                            (
                                Some(
                                    "b",
                                ),
                                (
                                    Expr(10),
                                    "b",
                                    ExprOrigin {
                                        syntax_expr: Expr(10),
                                        synthesized: false,
                                    },
                                ),
                            ),
                        ],
                    ),
                    ExprOrigin {
                        syntax_expr: Expr(11),
                        synthesized: false,
                    },
                ),
                (
                    Expr(15),
                    Call(
                        (
                            Expr(12),
                            (
                                Place(3),
                                foo,
                                ExprOrigin {
                                    syntax_expr: Expr(12),
                                    synthesized: false,
                                },
                            ),
                            ExprOrigin {
                                syntax_expr: Expr(12),
                                synthesized: false,
                            },
                        ),
                        [
                            (
                                Some(
                                    "a",
                                ),
                                (
                                    Expr(13),
                                    "a",
                                    ExprOrigin {
                                        syntax_expr: Expr(13),
                                        synthesized: false,
                                    },
                                ),
                            ),
                            (
                                Some(
                                    "b",
                                ),
                                (
                                    Expr(14),
                                    "b",
                                    ExprOrigin {
                                        syntax_expr: Expr(14),
                                        synthesized: false,
                                    },
                                ),
                            ),
                        ],
                    ),
                    ExprOrigin {
                        syntax_expr: Expr(15),
                        synthesized: false,
                    },
                ),
            ],
        ),
        ExprOrigin {
            syntax_expr: Expr(16),
            synthesized: false,
        },
    ),
]