[
    bir::Bir {
        start_basic_block: BasicBlock(0),
        BasicBlock(0): BasicBlockData(
            [
                (
                    Assign(
                        temp{48},
                        1,
                    ),
                    Expr(0),
                ),
                (
                    Assign(
                        temp{49},
                        1,
                    ),
                    Expr(1),
                ),
                (
                    Assign(
                        temp{47},
                        temp{48} + temp{49},
                    ),
                    Expr(2),
                ),
                (
                    Clear(
                        temp{49},
                    ),
                    Expr(1),
                ),
                (
                    Clear(
                        temp{48},
                    ),
                    Expr(0),
                ),
                (
                    Assign(
                        temp{50},
                        2,
                    ),
                    Expr(3),
                ),
                (
                    Assign(
                        temp{46},
                        temp{47} == temp{50},
                    ),
                    Expr(4),
                ),
                (
                    Clear(
                        temp{50},
                    ),
                    Expr(3),
                ),
                (
                    Clear(
                        temp{47},
                    ),
                    Expr(2),
                ),
            ],
            If(
                temp{46},
                BasicBlock(1),
                BasicBlock(2),
            ),
        ),
        BasicBlock(1): BasicBlockData(
            [
                (
                    Assign(
                        temp{0},
                        Print.give,
                    ),
                    Expr(5),
                ),
                (
                    Assign(
                        temp{52},
                        temp{0}.give,
                    ),
                    Expr(5),
                ),
                (
                    Assign(
                        temp{1},
                        "1_i + 1 == 2_i",
                    ),
                    Expr(6),
                ),
                (
                    Assign(
                        temp{53},
                        temp{1}.give,
                    ),
                    Expr(6),
                ),
            ],
            Assign(
                temp{51},
                Call(
                    temp{52},
                    [
                        temp{53},
                    ],
                    [
                        None,
                    ],
                ),
                BasicBlock(4),
            ),
        ),
        BasicBlock(2): BasicBlockData(
            [
                (
                    Assign(
                        temp{45},
                        (),
                    ),
                    Expr(10),
                ),
            ],
            Goto(
                BasicBlock(3),
            ),
        ),
        BasicBlock(3): BasicBlockData(
            [
                (
                    Clear(
                        temp{46},
                    ),
                    Expr(4),
                ),
                (
                    Clear(
                        temp{45},
                    ),
                    Expr(10),
                ),
                (
                    Assign(
                        temp{57},
                        1,
                    ),
                    Expr(11),
                ),
                (
                    Assign(
                        temp{58},
                        1,
                    ),
                    Expr(12),
                ),
                (
                    Assign(
                        temp{56},
                        temp{57} + temp{58},
                    ),
                    Expr(13),
                ),
                (
                    Clear(
                        temp{58},
                    ),
                    Expr(12),
                ),
                (
                    Clear(
                        temp{57},
                    ),
                    Expr(11),
                ),
                (
                    Assign(
                        temp{59},
                        2,
                    ),
                    Expr(14),
                ),
                (
                    Assign(
                        temp{55},
                        temp{56} == temp{59},
                    ),
                    Expr(15),
                ),
                (
                    Clear(
                        temp{59},
                    ),
                    Expr(14),
                ),
                (
                    Clear(
                        temp{56},
                    ),
                    Expr(13),
                ),
            ],
            If(
                temp{55},
                BasicBlock(6),
                BasicBlock(7),
            ),
        ),
        BasicBlock(4): BasicBlockData(
            [
                (
                    Clear(
                        temp{53},
                    ),
                    Expr(6),
                ),
                (
                    Clear(
                        temp{52},
                    ),
                    Expr(5),
                ),
            ],
            Assign(
                temp{45},
                Await(
                    temp{51},
                ),
                BasicBlock(5),
            ),
        ),
        BasicBlock(5): BasicBlockData(
            [
                (
                    Clear(
                        temp{51},
                    ),
                    Expr(7),
                ),
                (
                    Clear(
                        temp{0},
                    ),
                    Expr(9),
                ),
                (
                    Clear(
                        temp{1},
                    ),
                    Expr(9),
                ),
            ],
            Goto(
                BasicBlock(3),
            ),
        ),
        BasicBlock(6): BasicBlockData(
            [
                (
                    Assign(
                        temp{2},
                        Print.give,
                    ),
                    Expr(16),
                ),
                (
                    Assign(
                        temp{61},
                        temp{2}.give,
                    ),
                    Expr(16),
                ),
                (
                    Assign(
                        temp{3},
                        "1 + 1_i == 2_i",
                    ),
                    Expr(17),
                ),
                (
                    Assign(
                        temp{62},
                        temp{3}.give,
                    ),
                    Expr(17),
                ),
            ],
            Assign(
                temp{60},
                Call(
                    temp{61},
                    [
                        temp{62},
                    ],
                    [
                        None,
                    ],
                ),
                BasicBlock(9),
            ),
        ),
        BasicBlock(7): BasicBlockData(
            [
                (
                    Assign(
                        temp{54},
                        (),
                    ),
                    Expr(21),
                ),
            ],
            Goto(
                BasicBlock(8),
            ),
        ),
        BasicBlock(8): BasicBlockData(
            [
                (
                    Clear(
                        temp{55},
                    ),
                    Expr(15),
                ),
                (
                    Clear(
                        temp{54},
                    ),
                    Expr(21),
                ),
                (
                    Assign(
                        temp{66},
                        1,
                    ),
                    Expr(22),
                ),
                (
                    Assign(
                        temp{67},
                        1,
                    ),
                    Expr(23),
                ),
                (
                    Assign(
                        temp{65},
                        temp{66} - temp{67},
                    ),
                    Expr(24),
                ),
                (
                    Clear(
                        temp{67},
                    ),
                    Expr(23),
                ),
                (
                    Clear(
                        temp{66},
                    ),
                    Expr(22),
                ),
                (
                    Assign(
                        temp{68},
                        0,
                    ),
                    Expr(25),
                ),
                (
                    Assign(
                        temp{64},
                        temp{65} == temp{68},
                    ),
                    Expr(26),
                ),
                (
                    Clear(
                        temp{68},
                    ),
                    Expr(25),
                ),
                (
                    Clear(
                        temp{65},
                    ),
                    Expr(24),
                ),
            ],
            If(
                temp{64},
                BasicBlock(11),
                BasicBlock(12),
            ),
        ),
        BasicBlock(9): BasicBlockData(
            [
                (
                    Clear(
                        temp{62},
                    ),
                    Expr(17),
                ),
                (
                    Clear(
                        temp{61},
                    ),
                    Expr(16),
                ),
            ],
            Assign(
                temp{54},
                Await(
                    temp{60},
                ),
                BasicBlock(10),
            ),
        ),
        BasicBlock(10): BasicBlockData(
            [
                (
                    Clear(
                        temp{60},
                    ),
                    Expr(18),
                ),
                (
                    Clear(
                        temp{2},
                    ),
                    Expr(20),
                ),
                (
                    Clear(
                        temp{3},
                    ),
                    Expr(20),
                ),
            ],
            Goto(
                BasicBlock(8),
            ),
        ),
        BasicBlock(11): BasicBlockData(
            [
                (
                    Assign(
                        temp{4},
                        Print.give,
                    ),
                    Expr(27),
                ),
                (
                    Assign(
                        temp{70},
                        temp{4}.give,
                    ),
                    Expr(27),
                ),
                (
                    Assign(
                        temp{5},
                        "1_i - 1 == 0_i",
                    ),
                    Expr(28),
                ),
                (
                    Assign(
                        temp{71},
                        temp{5}.give,
                    ),
                    Expr(28),
                ),
            ],
            Assign(
                temp{69},
                Call(
                    temp{70},
                    [
                        temp{71},
                    ],
                    [
                        None,
                    ],
                ),
                BasicBlock(14),
            ),
        ),
        BasicBlock(12): BasicBlockData(
            [
                (
                    Assign(
                        temp{63},
                        (),
                    ),
                    Expr(32),
                ),
            ],
            Goto(
                BasicBlock(13),
            ),
        ),
        BasicBlock(13): BasicBlockData(
            [
                (
                    Clear(
                        temp{64},
                    ),
                    Expr(26),
                ),
                (
                    Clear(
                        temp{63},
                    ),
                    Expr(32),
                ),
                (
                    Assign(
                        temp{75},
                        1,
                    ),
                    Expr(33),
                ),
                (
                    Assign(
                        temp{76},
                        1,
                    ),
                    Expr(34),
                ),
                (
                    Assign(
                        temp{74},
                        temp{75} - temp{76},
                    ),
                    Expr(35),
                ),
                (
                    Clear(
                        temp{76},
                    ),
                    Expr(34),
                ),
                (
                    Clear(
                        temp{75},
                    ),
                    Expr(33),
                ),
                (
                    Assign(
                        temp{77},
                        0,
                    ),
                    Expr(36),
                ),
                (
                    Assign(
                        temp{73},
                        temp{74} == temp{77},
                    ),
                    Expr(37),
                ),
                (
                    Clear(
                        temp{77},
                    ),
                    Expr(36),
                ),
                (
                    Clear(
                        temp{74},
                    ),
                    Expr(35),
                ),
            ],
            If(
                temp{73},
                BasicBlock(16),
                BasicBlock(17),
            ),
        ),
        BasicBlock(14): BasicBlockData(
            [
                (
                    Clear(
                        temp{71},
                    ),
                    Expr(28),
                ),
                (
                    Clear(
                        temp{70},
                    ),
                    Expr(27),
                ),
            ],
            Assign(
                temp{63},
                Await(
                    temp{69},
                ),
                BasicBlock(15),
            ),
        ),
        BasicBlock(15): BasicBlockData(
            [
                (
                    Clear(
                        temp{69},
                    ),
                    Expr(29),
                ),
                (
                    Clear(
                        temp{4},
                    ),
                    Expr(31),
                ),
                (
                    Clear(
                        temp{5},
                    ),
                    Expr(31),
                ),
            ],
            Goto(
                BasicBlock(13),
            ),
        ),
        BasicBlock(16): BasicBlockData(
            [
                (
                    Assign(
                        temp{6},
                        Print.give,
                    ),
                    Expr(38),
                ),
                (
                    Assign(
                        temp{79},
                        temp{6}.give,
                    ),
                    Expr(38),
                ),
                (
                    Assign(
                        temp{7},
                        "1 - 1_i == 0",
                    ),
                    Expr(39),
                ),
                (
                    Assign(
                        temp{80},
                        temp{7}.give,
                    ),
                    Expr(39),
                ),
            ],
            Assign(
                temp{78},
                Call(
                    temp{79},
                    [
                        temp{80},
                    ],
                    [
                        None,
                    ],
                ),
                BasicBlock(19),
            ),
        ),
        BasicBlock(17): BasicBlockData(
            [
                (
                    Assign(
                        temp{72},
                        (),
                    ),
                    Expr(43),
                ),
            ],
            Goto(
                BasicBlock(18),
            ),
        ),
        BasicBlock(18): BasicBlockData(
            [
                (
                    Clear(
                        temp{73},
                    ),
                    Expr(37),
                ),
                (
                    Clear(
                        temp{72},
                    ),
                    Expr(43),
                ),
                (
                    Assign(
                        temp{84},
                        10,
                    ),
                    Expr(44),
                ),
                (
                    Assign(
                        temp{85},
                        10,
                    ),
                    Expr(45),
                ),
                (
                    Assign(
                        temp{83},
                        temp{84} * temp{85},
                    ),
                    Expr(46),
                ),
                (
                    Clear(
                        temp{85},
                    ),
                    Expr(45),
                ),
                (
                    Clear(
                        temp{84},
                    ),
                    Expr(44),
                ),
                (
                    Assign(
                        temp{86},
                        100,
                    ),
                    Expr(47),
                ),
                (
                    Assign(
                        temp{82},
                        temp{83} == temp{86},
                    ),
                    Expr(48),
                ),
                (
                    Clear(
                        temp{86},
                    ),
                    Expr(47),
                ),
                (
                    Clear(
                        temp{83},
                    ),
                    Expr(46),
                ),
            ],
            If(
                temp{82},
                BasicBlock(21),
                BasicBlock(22),
            ),
        ),
        BasicBlock(19): BasicBlockData(
            [
                (
                    Clear(
                        temp{80},
                    ),
                    Expr(39),
                ),
                (
                    Clear(
                        temp{79},
                    ),
                    Expr(38),
                ),
            ],
            Assign(
                temp{72},
                Await(
                    temp{78},
                ),
                BasicBlock(20),
            ),
        ),
        BasicBlock(20): BasicBlockData(
            [
                (
                    Clear(
                        temp{78},
                    ),
                    Expr(40),
                ),
                (
                    Clear(
                        temp{6},
                    ),
                    Expr(42),
                ),
                (
                    Clear(
                        temp{7},
                    ),
                    Expr(42),
                ),
            ],
            Goto(
                BasicBlock(18),
            ),
        ),
        BasicBlock(21): BasicBlockData(
            [
                (
                    Assign(
                        temp{8},
                        Print.give,
                    ),
                    Expr(49),
                ),
                (
                    Assign(
                        temp{88},
                        temp{8}.give,
                    ),
                    Expr(49),
                ),
                (
                    Assign(
                        temp{9},
                        "10_i * 10 == 100_i",
                    ),
                    Expr(50),
                ),
                (
                    Assign(
                        temp{89},
                        temp{9}.give,
                    ),
                    Expr(50),
                ),
            ],
            Assign(
                temp{87},
                Call(
                    temp{88},
                    [
                        temp{89},
                    ],
                    [
                        None,
                    ],
                ),
                BasicBlock(24),
            ),
        ),
        BasicBlock(22): BasicBlockData(
            [
                (
                    Assign(
                        temp{81},
                        (),
                    ),
                    Expr(54),
                ),
            ],
            Goto(
                BasicBlock(23),
            ),
        ),
        BasicBlock(23): BasicBlockData(
            [
                (
                    Clear(
                        temp{82},
                    ),
                    Expr(48),
                ),
                (
                    Clear(
                        temp{81},
                    ),
                    Expr(54),
                ),
                (
                    Assign(
                        temp{93},
                        10,
                    ),
                    Expr(55),
                ),
                (
                    Assign(
                        temp{94},
                        10,
                    ),
                    Expr(56),
                ),
                (
                    Assign(
                        temp{92},
                        temp{93} * temp{94},
                    ),
                    Expr(57),
                ),
                (
                    Clear(
                        temp{94},
                    ),
                    Expr(56),
                ),
                (
                    Clear(
                        temp{93},
                    ),
                    Expr(55),
                ),
                (
                    Assign(
                        temp{95},
                        100,
                    ),
                    Expr(58),
                ),
                (
                    Assign(
                        temp{91},
                        temp{92} == temp{95},
                    ),
                    Expr(59),
                ),
                (
                    Clear(
                        temp{95},
                    ),
                    Expr(58),
                ),
                (
                    Clear(
                        temp{92},
                    ),
                    Expr(57),
                ),
            ],
            If(
                temp{91},
                BasicBlock(26),
                BasicBlock(27),
            ),
        ),
        BasicBlock(24): BasicBlockData(
            [
                (
                    Clear(
                        temp{89},
                    ),
                    Expr(50),
                ),
                (
                    Clear(
                        temp{88},
                    ),
                    Expr(49),
                ),
            ],
            Assign(
                temp{81},
                Await(
                    temp{87},
                ),
                BasicBlock(25),
            ),
        ),
        BasicBlock(25): BasicBlockData(
            [
                (
                    Clear(
                        temp{87},
                    ),
                    Expr(51),
                ),
                (
                    Clear(
                        temp{8},
                    ),
                    Expr(53),
                ),
                (
                    Clear(
                        temp{9},
                    ),
                    Expr(53),
                ),
            ],
            Goto(
                BasicBlock(23),
            ),
        ),
        BasicBlock(26): BasicBlockData(
            [
                (
                    Assign(
                        temp{10},
                        Print.give,
                    ),
                    Expr(60),
                ),
                (
                    Assign(
                        temp{97},
                        temp{10}.give,
                    ),
                    Expr(60),
                ),
                (
                    Assign(
                        temp{11},
                        "10 * 10_i == 100_i",
                    ),
                    Expr(61),
                ),
                (
                    Assign(
                        temp{98},
                        temp{11}.give,
                    ),
                    Expr(61),
                ),
            ],
            Assign(
                temp{96},
                Call(
                    temp{97},
                    [
                        temp{98},
                    ],
                    [
                        None,
                    ],
                ),
                BasicBlock(29),
            ),
        ),
        BasicBlock(27): BasicBlockData(
            [
                (
                    Assign(
                        temp{90},
                        (),
                    ),
                    Expr(65),
                ),
            ],
            Goto(
                BasicBlock(28),
            ),
        ),
        BasicBlock(28): BasicBlockData(
            [
                (
                    Clear(
                        temp{91},
                    ),
                    Expr(59),
                ),
                (
                    Clear(
                        temp{90},
                    ),
                    Expr(65),
                ),
                (
                    Assign(
                        temp{102},
                        10,
                    ),
                    Expr(66),
                ),
                (
                    Assign(
                        temp{103},
                        5,
                    ),
                    Expr(67),
                ),
                (
                    Assign(
                        temp{101},
                        temp{102} / temp{103},
                    ),
                    Expr(68),
                ),
                (
                    Clear(
                        temp{103},
                    ),
                    Expr(67),
                ),
                (
                    Clear(
                        temp{102},
                    ),
                    Expr(66),
                ),
                (
                    Assign(
                        temp{104},
                        2,
                    ),
                    Expr(69),
                ),
                (
                    Assign(
                        temp{100},
                        temp{101} == temp{104},
                    ),
                    Expr(70),
                ),
                (
                    Clear(
                        temp{104},
                    ),
                    Expr(69),
                ),
                (
                    Clear(
                        temp{101},
                    ),
                    Expr(68),
                ),
            ],
            If(
                temp{100},
                BasicBlock(31),
                BasicBlock(32),
            ),
        ),
        BasicBlock(29): BasicBlockData(
            [
                (
                    Clear(
                        temp{98},
                    ),
                    Expr(61),
                ),
                (
                    Clear(
                        temp{97},
                    ),
                    Expr(60),
                ),
            ],
            Assign(
                temp{90},
                Await(
                    temp{96},
                ),
                BasicBlock(30),
            ),
        ),
        BasicBlock(30): BasicBlockData(
            [
                (
                    Clear(
                        temp{96},
                    ),
                    Expr(62),
                ),
                (
                    Clear(
                        temp{10},
                    ),
                    Expr(64),
                ),
                (
                    Clear(
                        temp{11},
                    ),
                    Expr(64),
                ),
            ],
            Goto(
                BasicBlock(28),
            ),
        ),
        BasicBlock(31): BasicBlockData(
            [
                (
                    Assign(
                        temp{12},
                        Print.give,
                    ),
                    Expr(71),
                ),
                (
                    Assign(
                        temp{106},
                        temp{12}.give,
                    ),
                    Expr(71),
                ),
                (
                    Assign(
                        temp{13},
                        "10_i / 5 == 2_i",
                    ),
                    Expr(72),
                ),
                (
                    Assign(
                        temp{107},
                        temp{13}.give,
                    ),
                    Expr(72),
                ),
            ],
            Assign(
                temp{105},
                Call(
                    temp{106},
                    [
                        temp{107},
                    ],
                    [
                        None,
                    ],
                ),
                BasicBlock(34),
            ),
        ),
        BasicBlock(32): BasicBlockData(
            [
                (
                    Assign(
                        temp{99},
                        (),
                    ),
                    Expr(76),
                ),
            ],
            Goto(
                BasicBlock(33),
            ),
        ),
        BasicBlock(33): BasicBlockData(
            [
                (
                    Clear(
                        temp{100},
                    ),
                    Expr(70),
                ),
                (
                    Clear(
                        temp{99},
                    ),
                    Expr(76),
                ),
                (
                    Assign(
                        temp{111},
                        10,
                    ),
                    Expr(77),
                ),
                (
                    Assign(
                        temp{112},
                        5,
                    ),
                    Expr(78),
                ),
                (
                    Assign(
                        temp{110},
                        temp{111} / temp{112},
                    ),
                    Expr(79),
                ),
                (
                    Clear(
                        temp{112},
                    ),
                    Expr(78),
                ),
                (
                    Clear(
                        temp{111},
                    ),
                    Expr(77),
                ),
                (
                    Assign(
                        temp{113},
                        2,
                    ),
                    Expr(80),
                ),
                (
                    Assign(
                        temp{109},
                        temp{110} == temp{113},
                    ),
                    Expr(81),
                ),
                (
                    Clear(
                        temp{113},
                    ),
                    Expr(80),
                ),
                (
                    Clear(
                        temp{110},
                    ),
                    Expr(79),
                ),
            ],
            If(
                temp{109},
                BasicBlock(36),
                BasicBlock(37),
            ),
        ),
        BasicBlock(34): BasicBlockData(
            [
                (
                    Clear(
                        temp{107},
                    ),
                    Expr(72),
                ),
                (
                    Clear(
                        temp{106},
                    ),
                    Expr(71),
                ),
            ],
            Assign(
                temp{99},
                Await(
                    temp{105},
                ),
                BasicBlock(35),
            ),
        ),
        BasicBlock(35): BasicBlockData(
            [
                (
                    Clear(
                        temp{105},
                    ),
                    Expr(73),
                ),
                (
                    Clear(
                        temp{12},
                    ),
                    Expr(75),
                ),
                (
                    Clear(
                        temp{13},
                    ),
                    Expr(75),
                ),
            ],
            Goto(
                BasicBlock(33),
            ),
        ),
        BasicBlock(36): BasicBlockData(
            [
                (
                    Assign(
                        temp{14},
                        Print.give,
                    ),
                    Expr(82),
                ),
                (
                    Assign(
                        temp{115},
                        temp{14}.give,
                    ),
                    Expr(82),
                ),
                (
                    Assign(
                        temp{15},
                        "10 / 5_i == 2_i",
                    ),
                    Expr(83),
                ),
                (
                    Assign(
                        temp{116},
                        temp{15}.give,
                    ),
                    Expr(83),
                ),
            ],
            Assign(
                temp{114},
                Call(
                    temp{115},
                    [
                        temp{116},
                    ],
                    [
                        None,
                    ],
                ),
                BasicBlock(39),
            ),
        ),
        BasicBlock(37): BasicBlockData(
            [
                (
                    Assign(
                        temp{108},
                        (),
                    ),
                    Expr(87),
                ),
            ],
            Goto(
                BasicBlock(38),
            ),
        ),
        BasicBlock(38): BasicBlockData(
            [
                (
                    Clear(
                        temp{109},
                    ),
                    Expr(81),
                ),
                (
                    Clear(
                        temp{108},
                    ),
                    Expr(87),
                ),
                (
                    Assign(
                        temp{120},
                        11,
                    ),
                    Expr(88),
                ),
                (
                    Assign(
                        temp{121},
                        5,
                    ),
                    Expr(89),
                ),
                (
                    Assign(
                        temp{119},
                        temp{120} / temp{121},
                    ),
                    Expr(90),
                ),
                (
                    Clear(
                        temp{121},
                    ),
                    Expr(89),
                ),
                (
                    Clear(
                        temp{120},
                    ),
                    Expr(88),
                ),
                (
                    Assign(
                        temp{122},
                        2,
                    ),
                    Expr(91),
                ),
                (
                    Assign(
                        temp{118},
                        temp{119} == temp{122},
                    ),
                    Expr(92),
                ),
                (
                    Clear(
                        temp{122},
                    ),
                    Expr(91),
                ),
                (
                    Clear(
                        temp{119},
                    ),
                    Expr(90),
                ),
            ],
            If(
                temp{118},
                BasicBlock(41),
                BasicBlock(42),
            ),
        ),
        BasicBlock(39): BasicBlockData(
            [
                (
                    Clear(
                        temp{116},
                    ),
                    Expr(83),
                ),
                (
                    Clear(
                        temp{115},
                    ),
                    Expr(82),
                ),
            ],
            Assign(
                temp{108},
                Await(
                    temp{114},
                ),
                BasicBlock(40),
            ),
        ),
        BasicBlock(40): BasicBlockData(
            [
                (
                    Clear(
                        temp{114},
                    ),
                    Expr(84),
                ),
                (
                    Clear(
                        temp{14},
                    ),
                    Expr(86),
                ),
                (
                    Clear(
                        temp{15},
                    ),
                    Expr(86),
                ),
            ],
            Goto(
                BasicBlock(38),
            ),
        ),
        BasicBlock(41): BasicBlockData(
            [
                (
                    Assign(
                        temp{16},
                        Print.give,
                    ),
                    Expr(93),
                ),
                (
                    Assign(
                        temp{124},
                        temp{16}.give,
                    ),
                    Expr(93),
                ),
                (
                    Assign(
                        temp{17},
                        "11_i / 5 == 2_i",
                    ),
                    Expr(94),
                ),
                (
                    Assign(
                        temp{125},
                        temp{17}.give,
                    ),
                    Expr(94),
                ),
            ],
            Assign(
                temp{123},
                Call(
                    temp{124},
                    [
                        temp{125},
                    ],
                    [
                        None,
                    ],
                ),
                BasicBlock(44),
            ),
        ),
        BasicBlock(42): BasicBlockData(
            [
                (
                    Assign(
                        temp{117},
                        (),
                    ),
                    Expr(98),
                ),
            ],
            Goto(
                BasicBlock(43),
            ),
        ),
        BasicBlock(43): BasicBlockData(
            [
                (
                    Clear(
                        temp{118},
                    ),
                    Expr(92),
                ),
                (
                    Clear(
                        temp{117},
                    ),
                    Expr(98),
                ),
                (
                    Assign(
                        temp{129},
                        11,
                    ),
                    Expr(99),
                ),
                (
                    Assign(
                        temp{130},
                        5,
                    ),
                    Expr(100),
                ),
                (
                    Assign(
                        temp{128},
                        temp{129} / temp{130},
                    ),
                    Expr(101),
                ),
                (
                    Clear(
                        temp{130},
                    ),
                    Expr(100),
                ),
                (
                    Clear(
                        temp{129},
                    ),
                    Expr(99),
                ),
                (
                    Assign(
                        temp{131},
                        2,
                    ),
                    Expr(102),
                ),
                (
                    Assign(
                        temp{127},
                        temp{128} == temp{131},
                    ),
                    Expr(103),
                ),
                (
                    Clear(
                        temp{131},
                    ),
                    Expr(102),
                ),
                (
                    Clear(
                        temp{128},
                    ),
                    Expr(101),
                ),
            ],
            If(
                temp{127},
                BasicBlock(46),
                BasicBlock(47),
            ),
        ),
        BasicBlock(44): BasicBlockData(
            [
                (
                    Clear(
                        temp{125},
                    ),
                    Expr(94),
                ),
                (
                    Clear(
                        temp{124},
                    ),
                    Expr(93),
                ),
            ],
            Assign(
                temp{117},
                Await(
                    temp{123},
                ),
                BasicBlock(45),
            ),
        ),
        BasicBlock(45): BasicBlockData(
            [
                (
                    Clear(
                        temp{123},
                    ),
                    Expr(95),
                ),
                (
                    Clear(
                        temp{16},
                    ),
                    Expr(97),
                ),
                (
                    Clear(
                        temp{17},
                    ),
                    Expr(97),
                ),
            ],
            Goto(
                BasicBlock(43),
            ),
        ),
        BasicBlock(46): BasicBlockData(
            [
                (
                    Assign(
                        temp{18},
                        Print.give,
                    ),
                    Expr(104),
                ),
                (
                    Assign(
                        temp{133},
                        temp{18}.give,
                    ),
                    Expr(104),
                ),
                (
                    Assign(
                        temp{19},
                        "11 / 5_i == 2_i",
                    ),
                    Expr(105),
                ),
                (
                    Assign(
                        temp{134},
                        temp{19}.give,
                    ),
                    Expr(105),
                ),
            ],
            Assign(
                temp{132},
                Call(
                    temp{133},
                    [
                        temp{134},
                    ],
                    [
                        None,
                    ],
                ),
                BasicBlock(49),
            ),
        ),
        BasicBlock(47): BasicBlockData(
            [
                (
                    Assign(
                        temp{126},
                        (),
                    ),
                    Expr(109),
                ),
            ],
            Goto(
                BasicBlock(48),
            ),
        ),
        BasicBlock(48): BasicBlockData(
            [
                (
                    Clear(
                        temp{127},
                    ),
                    Expr(103),
                ),
                (
                    Clear(
                        temp{126},
                    ),
                    Expr(109),
                ),
                (
                    Assign(
                        temp{137},
                        1,
                    ),
                    Expr(110),
                ),
                (
                    Assign(
                        temp{138},
                        2,
                    ),
                    Expr(111),
                ),
                (
                    Assign(
                        temp{136},
                        temp{137} < temp{138},
                    ),
                    Expr(112),
                ),
                (
                    Clear(
                        temp{138},
                    ),
                    Expr(111),
                ),
                (
                    Clear(
                        temp{137},
                    ),
                    Expr(110),
                ),
            ],
            If(
                temp{136},
                BasicBlock(51),
                BasicBlock(52),
            ),
        ),
        BasicBlock(49): BasicBlockData(
            [
                (
                    Clear(
                        temp{134},
                    ),
                    Expr(105),
                ),
                (
                    Clear(
                        temp{133},
                    ),
                    Expr(104),
                ),
            ],
            Assign(
                temp{126},
                Await(
                    temp{132},
                ),
                BasicBlock(50),
            ),
        ),
        BasicBlock(50): BasicBlockData(
            [
                (
                    Clear(
                        temp{132},
                    ),
                    Expr(106),
                ),
                (
                    Clear(
                        temp{18},
                    ),
                    Expr(108),
                ),
                (
                    Clear(
                        temp{19},
                    ),
                    Expr(108),
                ),
            ],
            Goto(
                BasicBlock(48),
            ),
        ),
        BasicBlock(51): BasicBlockData(
            [
                (
                    Assign(
                        temp{20},
                        Print.give,
                    ),
                    Expr(113),
                ),
                (
                    Assign(
                        temp{140},
                        temp{20}.give,
                    ),
                    Expr(113),
                ),
                (
                    Assign(
                        temp{21},
                        "1_i < 2",
                    ),
                    Expr(114),
                ),
                (
                    Assign(
                        temp{141},
                        temp{21}.give,
                    ),
                    Expr(114),
                ),
            ],
            Assign(
                temp{139},
                Call(
                    temp{140},
                    [
                        temp{141},
                    ],
                    [
                        None,
                    ],
                ),
                BasicBlock(54),
            ),
        ),
        BasicBlock(52): BasicBlockData(
            [
                (
                    Assign(
                        temp{135},
                        (),
                    ),
                    Expr(118),
                ),
            ],
            Goto(
                BasicBlock(53),
            ),
        ),
        BasicBlock(53): BasicBlockData(
            [
                (
                    Clear(
                        temp{136},
                    ),
                    Expr(112),
                ),
                (
                    Clear(
                        temp{135},
                    ),
                    Expr(118),
                ),
                (
                    Assign(
                        temp{144},
                        1,
                    ),
                    Expr(119),
                ),
                (
                    Assign(
                        temp{145},
                        2,
                    ),
                    Expr(120),
                ),
                (
                    Assign(
                        temp{143},
                        temp{144} < temp{145},
                    ),
                    Expr(121),
                ),
                (
                    Clear(
                        temp{145},
                    ),
                    Expr(120),
                ),
                (
                    Clear(
                        temp{144},
                    ),
                    Expr(119),
                ),
            ],
            If(
                temp{143},
                BasicBlock(56),
                BasicBlock(57),
            ),
        ),
        BasicBlock(54): BasicBlockData(
            [
                (
                    Clear(
                        temp{141},
                    ),
                    Expr(114),
                ),
                (
                    Clear(
                        temp{140},
                    ),
                    Expr(113),
                ),
            ],
            Assign(
                temp{135},
                Await(
                    temp{139},
                ),
                BasicBlock(55),
            ),
        ),
        BasicBlock(55): BasicBlockData(
            [
                (
                    Clear(
                        temp{139},
                    ),
                    Expr(115),
                ),
                (
                    Clear(
                        temp{20},
                    ),
                    Expr(117),
                ),
                (
                    Clear(
                        temp{21},
                    ),
                    Expr(117),
                ),
            ],
            Goto(
                BasicBlock(53),
            ),
        ),
        BasicBlock(56): BasicBlockData(
            [
                (
                    Assign(
                        temp{22},
                        Print.give,
                    ),
                    Expr(122),
                ),
                (
                    Assign(
                        temp{147},
                        temp{22}.give,
                    ),
                    Expr(122),
                ),
                (
                    Assign(
                        temp{23},
                        "1 < 2_i",
                    ),
                    Expr(123),
                ),
                (
                    Assign(
                        temp{148},
                        temp{23}.give,
                    ),
                    Expr(123),
                ),
            ],
            Assign(
                temp{146},
                Call(
                    temp{147},
                    [
                        temp{148},
                    ],
                    [
                        None,
                    ],
                ),
                BasicBlock(59),
            ),
        ),
        BasicBlock(57): BasicBlockData(
            [
                (
                    Assign(
                        temp{142},
                        (),
                    ),
                    Expr(127),
                ),
            ],
            Goto(
                BasicBlock(58),
            ),
        ),
        BasicBlock(58): BasicBlockData(
            [
                (
                    Clear(
                        temp{143},
                    ),
                    Expr(121),
                ),
                (
                    Clear(
                        temp{142},
                    ),
                    Expr(127),
                ),
                (
                    Assign(
                        temp{151},
                        2,
                    ),
                    Expr(128),
                ),
                (
                    Assign(
                        temp{152},
                        1,
                    ),
                    Expr(129),
                ),
                (
                    Assign(
                        temp{150},
                        temp{151} < temp{152},
                    ),
                    Expr(130),
                ),
                (
                    Clear(
                        temp{152},
                    ),
                    Expr(129),
                ),
                (
                    Clear(
                        temp{151},
                    ),
                    Expr(128),
                ),
            ],
            If(
                temp{150},
                BasicBlock(61),
                BasicBlock(62),
            ),
        ),
        BasicBlock(59): BasicBlockData(
            [
                (
                    Clear(
                        temp{148},
                    ),
                    Expr(123),
                ),
                (
                    Clear(
                        temp{147},
                    ),
                    Expr(122),
                ),
            ],
            Assign(
                temp{142},
                Await(
                    temp{146},
                ),
                BasicBlock(60),
            ),
        ),
        BasicBlock(60): BasicBlockData(
            [
                (
                    Clear(
                        temp{146},
                    ),
                    Expr(124),
                ),
                (
                    Clear(
                        temp{22},
                    ),
                    Expr(126),
                ),
                (
                    Clear(
                        temp{23},
                    ),
                    Expr(126),
                ),
            ],
            Goto(
                BasicBlock(58),
            ),
        ),
        BasicBlock(61): BasicBlockData(
            [
                (
                    Assign(
                        temp{24},
                        Print.give,
                    ),
                    Expr(131),
                ),
                (
                    Assign(
                        temp{154},
                        temp{24}.give,
                    ),
                    Expr(131),
                ),
                (
                    Assign(
                        temp{25},
                        "error",
                    ),
                    Expr(132),
                ),
                (
                    Assign(
                        temp{155},
                        temp{25}.give,
                    ),
                    Expr(132),
                ),
            ],
            Assign(
                temp{153},
                Call(
                    temp{154},
                    [
                        temp{155},
                    ],
                    [
                        None,
                    ],
                ),
                BasicBlock(64),
            ),
        ),
        BasicBlock(62): BasicBlockData(
            [
                (
                    Assign(
                        temp{149},
                        (),
                    ),
                    Expr(136),
                ),
            ],
            Goto(
                BasicBlock(63),
            ),
        ),
        BasicBlock(63): BasicBlockData(
            [
                (
                    Clear(
                        temp{150},
                    ),
                    Expr(130),
                ),
                (
                    Clear(
                        temp{149},
                    ),
                    Expr(136),
                ),
                (
                    Assign(
                        temp{158},
                        2,
                    ),
                    Expr(137),
                ),
                (
                    Assign(
                        temp{159},
                        1,
                    ),
                    Expr(138),
                ),
                (
                    Assign(
                        temp{157},
                        temp{158} < temp{159},
                    ),
                    Expr(139),
                ),
                (
                    Clear(
                        temp{159},
                    ),
                    Expr(138),
                ),
                (
                    Clear(
                        temp{158},
                    ),
                    Expr(137),
                ),
            ],
            If(
                temp{157},
                BasicBlock(66),
                BasicBlock(67),
            ),
        ),
        BasicBlock(64): BasicBlockData(
            [
                (
                    Clear(
                        temp{155},
                    ),
                    Expr(132),
                ),
                (
                    Clear(
                        temp{154},
                    ),
                    Expr(131),
                ),
            ],
            Assign(
                temp{149},
                Await(
                    temp{153},
                ),
                BasicBlock(65),
            ),
        ),
        BasicBlock(65): BasicBlockData(
            [
                (
                    Clear(
                        temp{153},
                    ),
                    Expr(133),
                ),
                (
                    Clear(
                        temp{24},
                    ),
                    Expr(135),
                ),
                (
                    Clear(
                        temp{25},
                    ),
                    Expr(135),
                ),
            ],
            Goto(
                BasicBlock(63),
            ),
        ),
        BasicBlock(66): BasicBlockData(
            [
                (
                    Assign(
                        temp{26},
                        Print.give,
                    ),
                    Expr(140),
                ),
                (
                    Assign(
                        temp{161},
                        temp{26}.give,
                    ),
                    Expr(140),
                ),
                (
                    Assign(
                        temp{27},
                        "error",
                    ),
                    Expr(141),
                ),
                (
                    Assign(
                        temp{162},
                        temp{27}.give,
                    ),
                    Expr(141),
                ),
            ],
            Assign(
                temp{160},
                Call(
                    temp{161},
                    [
                        temp{162},
                    ],
                    [
                        None,
                    ],
                ),
                BasicBlock(69),
            ),
        ),
        BasicBlock(67): BasicBlockData(
            [
                (
                    Assign(
                        temp{156},
                        (),
                    ),
                    Expr(145),
                ),
            ],
            Goto(
                BasicBlock(68),
            ),
        ),
        BasicBlock(68): BasicBlockData(
            [
                (
                    Clear(
                        temp{157},
                    ),
                    Expr(139),
                ),
                (
                    Clear(
                        temp{156},
                    ),
                    Expr(145),
                ),
                (
                    Assign(
                        temp{165},
                        1,
                    ),
                    Expr(146),
                ),
                (
                    Assign(
                        temp{166},
                        1,
                    ),
                    Expr(147),
                ),
                (
                    Assign(
                        temp{164},
                        temp{165} < temp{166},
                    ),
                    Expr(148),
                ),
                (
                    Clear(
                        temp{166},
                    ),
                    Expr(147),
                ),
                (
                    Clear(
                        temp{165},
                    ),
                    Expr(146),
                ),
            ],
            If(
                temp{164},
                BasicBlock(71),
                BasicBlock(72),
            ),
        ),
        BasicBlock(69): BasicBlockData(
            [
                (
                    Clear(
                        temp{162},
                    ),
                    Expr(141),
                ),
                (
                    Clear(
                        temp{161},
                    ),
                    Expr(140),
                ),
            ],
            Assign(
                temp{156},
                Await(
                    temp{160},
                ),
                BasicBlock(70),
            ),
        ),
        BasicBlock(70): BasicBlockData(
            [
                (
                    Clear(
                        temp{160},
                    ),
                    Expr(142),
                ),
                (
                    Clear(
                        temp{26},
                    ),
                    Expr(144),
                ),
                (
                    Clear(
                        temp{27},
                    ),
                    Expr(144),
                ),
            ],
            Goto(
                BasicBlock(68),
            ),
        ),
        BasicBlock(71): BasicBlockData(
            [
                (
                    Assign(
                        temp{28},
                        Print.give,
                    ),
                    Expr(149),
                ),
                (
                    Assign(
                        temp{168},
                        temp{28}.give,
                    ),
                    Expr(149),
                ),
                (
                    Assign(
                        temp{29},
                        "error",
                    ),
                    Expr(150),
                ),
                (
                    Assign(
                        temp{169},
                        temp{29}.give,
                    ),
                    Expr(150),
                ),
            ],
            Assign(
                temp{167},
                Call(
                    temp{168},
                    [
                        temp{169},
                    ],
                    [
                        None,
                    ],
                ),
                BasicBlock(74),
            ),
        ),
        BasicBlock(72): BasicBlockData(
            [
                (
                    Assign(
                        temp{163},
                        (),
                    ),
                    Expr(154),
                ),
            ],
            Goto(
                BasicBlock(73),
            ),
        ),
        BasicBlock(73): BasicBlockData(
            [
                (
                    Clear(
                        temp{164},
                    ),
                    Expr(148),
                ),
                (
                    Clear(
                        temp{163},
                    ),
                    Expr(154),
                ),
                (
                    Assign(
                        temp{172},
                        1,
                    ),
                    Expr(155),
                ),
                (
                    Assign(
                        temp{173},
                        1,
                    ),
                    Expr(156),
                ),
                (
                    Assign(
                        temp{171},
                        temp{172} < temp{173},
                    ),
                    Expr(157),
                ),
                (
                    Clear(
                        temp{173},
                    ),
                    Expr(156),
                ),
                (
                    Clear(
                        temp{172},
                    ),
                    Expr(155),
                ),
            ],
            If(
                temp{171},
                BasicBlock(76),
                BasicBlock(77),
            ),
        ),
        BasicBlock(74): BasicBlockData(
            [
                (
                    Clear(
                        temp{169},
                    ),
                    Expr(150),
                ),
                (
                    Clear(
                        temp{168},
                    ),
                    Expr(149),
                ),
            ],
            Assign(
                temp{163},
                Await(
                    temp{167},
                ),
                BasicBlock(75),
            ),
        ),
        BasicBlock(75): BasicBlockData(
            [
                (
                    Clear(
                        temp{167},
                    ),
                    Expr(151),
                ),
                (
                    Clear(
                        temp{28},
                    ),
                    Expr(153),
                ),
                (
                    Clear(
                        temp{29},
                    ),
                    Expr(153),
                ),
            ],
            Goto(
                BasicBlock(73),
            ),
        ),
        BasicBlock(76): BasicBlockData(
            [
                (
                    Assign(
                        temp{30},
                        Print.give,
                    ),
                    Expr(158),
                ),
                (
                    Assign(
                        temp{175},
                        temp{30}.give,
                    ),
                    Expr(158),
                ),
                (
                    Assign(
                        temp{31},
                        "error",
                    ),
                    Expr(159),
                ),
                (
                    Assign(
                        temp{176},
                        temp{31}.give,
                    ),
                    Expr(159),
                ),
            ],
            Assign(
                temp{174},
                Call(
                    temp{175},
                    [
                        temp{176},
                    ],
                    [
                        None,
                    ],
                ),
                BasicBlock(79),
            ),
        ),
        BasicBlock(77): BasicBlockData(
            [
                (
                    Assign(
                        temp{170},
                        (),
                    ),
                    Expr(163),
                ),
            ],
            Goto(
                BasicBlock(78),
            ),
        ),
        BasicBlock(78): BasicBlockData(
            [
                (
                    Clear(
                        temp{171},
                    ),
                    Expr(157),
                ),
                (
                    Clear(
                        temp{170},
                    ),
                    Expr(163),
                ),
                (
                    Assign(
                        temp{179},
                        1,
                    ),
                    Expr(164),
                ),
                (
                    Assign(
                        temp{180},
                        2,
                    ),
                    Expr(165),
                ),
                (
                    Assign(
                        temp{178},
                        temp{179} > temp{180},
                    ),
                    Expr(166),
                ),
                (
                    Clear(
                        temp{180},
                    ),
                    Expr(165),
                ),
                (
                    Clear(
                        temp{179},
                    ),
                    Expr(164),
                ),
            ],
            If(
                temp{178},
                BasicBlock(81),
                BasicBlock(82),
            ),
        ),
        BasicBlock(79): BasicBlockData(
            [
                (
                    Clear(
                        temp{176},
                    ),
                    Expr(159),
                ),
                (
                    Clear(
                        temp{175},
                    ),
                    Expr(158),
                ),
            ],
            Assign(
                temp{170},
                Await(
                    temp{174},
                ),
                BasicBlock(80),
            ),
        ),
        BasicBlock(80): BasicBlockData(
            [
                (
                    Clear(
                        temp{174},
                    ),
                    Expr(160),
                ),
                (
                    Clear(
                        temp{30},
                    ),
                    Expr(162),
                ),
                (
                    Clear(
                        temp{31},
                    ),
                    Expr(162),
                ),
            ],
            Goto(
                BasicBlock(78),
            ),
        ),
        BasicBlock(81): BasicBlockData(
            [
                (
                    Assign(
                        temp{32},
                        Print.give,
                    ),
                    Expr(167),
                ),
                (
                    Assign(
                        temp{182},
                        temp{32}.give,
                    ),
                    Expr(167),
                ),
                (
                    Assign(
                        temp{33},
                        "error",
                    ),
                    Expr(168),
                ),
                (
                    Assign(
                        temp{183},
                        temp{33}.give,
                    ),
                    Expr(168),
                ),
            ],
            Assign(
                temp{181},
                Call(
                    temp{182},
                    [
                        temp{183},
                    ],
                    [
                        None,
                    ],
                ),
                BasicBlock(84),
            ),
        ),
        BasicBlock(82): BasicBlockData(
            [
                (
                    Assign(
                        temp{177},
                        (),
                    ),
                    Expr(172),
                ),
            ],
            Goto(
                BasicBlock(83),
            ),
        ),
        BasicBlock(83): BasicBlockData(
            [
                (
                    Clear(
                        temp{178},
                    ),
                    Expr(166),
                ),
                (
                    Clear(
                        temp{177},
                    ),
                    Expr(172),
                ),
                (
                    Assign(
                        temp{186},
                        1,
                    ),
                    Expr(173),
                ),
                (
                    Assign(
                        temp{187},
                        2,
                    ),
                    Expr(174),
                ),
                (
                    Assign(
                        temp{185},
                        temp{186} > temp{187},
                    ),
                    Expr(175),
                ),
                (
                    Clear(
                        temp{187},
                    ),
                    Expr(174),
                ),
                (
                    Clear(
                        temp{186},
                    ),
                    Expr(173),
                ),
            ],
            If(
                temp{185},
                BasicBlock(86),
                BasicBlock(87),
            ),
        ),
        BasicBlock(84): BasicBlockData(
            [
                (
                    Clear(
                        temp{183},
                    ),
                    Expr(168),
                ),
                (
                    Clear(
                        temp{182},
                    ),
                    Expr(167),
                ),
            ],
            Assign(
                temp{177},
                Await(
                    temp{181},
                ),
                BasicBlock(85),
            ),
        ),
        BasicBlock(85): BasicBlockData(
            [
                (
                    Clear(
                        temp{181},
                    ),
                    Expr(169),
                ),
                (
                    Clear(
                        temp{32},
                    ),
                    Expr(171),
                ),
                (
                    Clear(
                        temp{33},
                    ),
                    Expr(171),
                ),
            ],
            Goto(
                BasicBlock(83),
            ),
        ),
        BasicBlock(86): BasicBlockData(
            [
                (
                    Assign(
                        temp{34},
                        Print.give,
                    ),
                    Expr(176),
                ),
                (
                    Assign(
                        temp{189},
                        temp{34}.give,
                    ),
                    Expr(176),
                ),
                (
                    Assign(
                        temp{35},
                        "error",
                    ),
                    Expr(177),
                ),
                (
                    Assign(
                        temp{190},
                        temp{35}.give,
                    ),
                    Expr(177),
                ),
            ],
            Assign(
                temp{188},
                Call(
                    temp{189},
                    [
                        temp{190},
                    ],
                    [
                        None,
                    ],
                ),
                BasicBlock(89),
            ),
        ),
        BasicBlock(87): BasicBlockData(
            [
                (
                    Assign(
                        temp{184},
                        (),
                    ),
                    Expr(181),
                ),
            ],
            Goto(
                BasicBlock(88),
            ),
        ),
        BasicBlock(88): BasicBlockData(
            [
                (
                    Clear(
                        temp{185},
                    ),
                    Expr(175),
                ),
                (
                    Clear(
                        temp{184},
                    ),
                    Expr(181),
                ),
                (
                    Assign(
                        temp{193},
                        2,
                    ),
                    Expr(182),
                ),
                (
                    Assign(
                        temp{194},
                        1,
                    ),
                    Expr(183),
                ),
                (
                    Assign(
                        temp{192},
                        temp{193} > temp{194},
                    ),
                    Expr(184),
                ),
                (
                    Clear(
                        temp{194},
                    ),
                    Expr(183),
                ),
                (
                    Clear(
                        temp{193},
                    ),
                    Expr(182),
                ),
            ],
            If(
                temp{192},
                BasicBlock(91),
                BasicBlock(92),
            ),
        ),
        BasicBlock(89): BasicBlockData(
            [
                (
                    Clear(
                        temp{190},
                    ),
                    Expr(177),
                ),
                (
                    Clear(
                        temp{189},
                    ),
                    Expr(176),
                ),
            ],
            Assign(
                temp{184},
                Await(
                    temp{188},
                ),
                BasicBlock(90),
            ),
        ),
        BasicBlock(90): BasicBlockData(
            [
                (
                    Clear(
                        temp{188},
                    ),
                    Expr(178),
                ),
                (
                    Clear(
                        temp{34},
                    ),
                    Expr(180),
                ),
                (
                    Clear(
                        temp{35},
                    ),
                    Expr(180),
                ),
            ],
            Goto(
                BasicBlock(88),
            ),
        ),
        BasicBlock(91): BasicBlockData(
            [
                (
                    Assign(
                        temp{36},
                        Print.give,
                    ),
                    Expr(185),
                ),
                (
                    Assign(
                        temp{196},
                        temp{36}.give,
                    ),
                    Expr(185),
                ),
                (
                    Assign(
                        temp{37},
                        "2_i > 1",
                    ),
                    Expr(186),
                ),
                (
                    Assign(
                        temp{197},
                        temp{37}.give,
                    ),
                    Expr(186),
                ),
            ],
            Assign(
                temp{195},
                Call(
                    temp{196},
                    [
                        temp{197},
                    ],
                    [
                        None,
                    ],
                ),
                BasicBlock(94),
            ),
        ),
        BasicBlock(92): BasicBlockData(
            [
                (
                    Assign(
                        temp{191},
                        (),
                    ),
                    Expr(190),
                ),
            ],
            Goto(
                BasicBlock(93),
            ),
        ),
        BasicBlock(93): BasicBlockData(
            [
                (
                    Clear(
                        temp{192},
                    ),
                    Expr(184),
                ),
                (
                    Clear(
                        temp{191},
                    ),
                    Expr(190),
                ),
                (
                    Assign(
                        temp{200},
                        2,
                    ),
                    Expr(191),
                ),
                (
                    Assign(
                        temp{201},
                        1,
                    ),
                    Expr(192),
                ),
                (
                    Assign(
                        temp{199},
                        temp{200} > temp{201},
                    ),
                    Expr(193),
                ),
                (
                    Clear(
                        temp{201},
                    ),
                    Expr(192),
                ),
                (
                    Clear(
                        temp{200},
                    ),
                    Expr(191),
                ),
            ],
            If(
                temp{199},
                BasicBlock(96),
                BasicBlock(97),
            ),
        ),
        BasicBlock(94): BasicBlockData(
            [
                (
                    Clear(
                        temp{197},
                    ),
                    Expr(186),
                ),
                (
                    Clear(
                        temp{196},
                    ),
                    Expr(185),
                ),
            ],
            Assign(
                temp{191},
                Await(
                    temp{195},
                ),
                BasicBlock(95),
            ),
        ),
        BasicBlock(95): BasicBlockData(
            [
                (
                    Clear(
                        temp{195},
                    ),
                    Expr(187),
                ),
                (
                    Clear(
                        temp{36},
                    ),
                    Expr(189),
                ),
                (
                    Clear(
                        temp{37},
                    ),
                    Expr(189),
                ),
            ],
            Goto(
                BasicBlock(93),
            ),
        ),
        BasicBlock(96): BasicBlockData(
            [
                (
                    Assign(
                        temp{38},
                        Print.give,
                    ),
                    Expr(194),
                ),
                (
                    Assign(
                        temp{203},
                        temp{38}.give,
                    ),
                    Expr(194),
                ),
                (
                    Assign(
                        temp{39},
                        "2 > 1_i",
                    ),
                    Expr(195),
                ),
                (
                    Assign(
                        temp{204},
                        temp{39}.give,
                    ),
                    Expr(195),
                ),
            ],
            Assign(
                temp{202},
                Call(
                    temp{203},
                    [
                        temp{204},
                    ],
                    [
                        None,
                    ],
                ),
                BasicBlock(99),
            ),
        ),
        BasicBlock(97): BasicBlockData(
            [
                (
                    Assign(
                        temp{198},
                        (),
                    ),
                    Expr(199),
                ),
            ],
            Goto(
                BasicBlock(98),
            ),
        ),
        BasicBlock(98): BasicBlockData(
            [
                (
                    Clear(
                        temp{199},
                    ),
                    Expr(193),
                ),
                (
                    Clear(
                        temp{198},
                    ),
                    Expr(199),
                ),
                (
                    Assign(
                        temp{207},
                        1,
                    ),
                    Expr(200),
                ),
                (
                    Assign(
                        temp{208},
                        1,
                    ),
                    Expr(201),
                ),
                (
                    Assign(
                        temp{206},
                        temp{207} > temp{208},
                    ),
                    Expr(202),
                ),
                (
                    Clear(
                        temp{208},
                    ),
                    Expr(201),
                ),
                (
                    Clear(
                        temp{207},
                    ),
                    Expr(200),
                ),
            ],
            If(
                temp{206},
                BasicBlock(101),
                BasicBlock(102),
            ),
        ),
        BasicBlock(99): BasicBlockData(
            [
                (
                    Clear(
                        temp{204},
                    ),
                    Expr(195),
                ),
                (
                    Clear(
                        temp{203},
                    ),
                    Expr(194),
                ),
            ],
            Assign(
                temp{198},
                Await(
                    temp{202},
                ),
                BasicBlock(100),
            ),
        ),
        BasicBlock(100): BasicBlockData(
            [
                (
                    Clear(
                        temp{202},
                    ),
                    Expr(196),
                ),
                (
                    Clear(
                        temp{38},
                    ),
                    Expr(198),
                ),
                (
                    Clear(
                        temp{39},
                    ),
                    Expr(198),
                ),
            ],
            Goto(
                BasicBlock(98),
            ),
        ),
        BasicBlock(101): BasicBlockData(
            [
                (
                    Assign(
                        temp{40},
                        Print.give,
                    ),
                    Expr(203),
                ),
                (
                    Assign(
                        temp{210},
                        temp{40}.give,
                    ),
                    Expr(203),
                ),
                (
                    Assign(
                        temp{41},
                        "error",
                    ),
                    Expr(204),
                ),
                (
                    Assign(
                        temp{211},
                        temp{41}.give,
                    ),
                    Expr(204),
                ),
            ],
            Assign(
                temp{209},
                Call(
                    temp{210},
                    [
                        temp{211},
                    ],
                    [
                        None,
                    ],
                ),
                BasicBlock(104),
            ),
        ),
        BasicBlock(102): BasicBlockData(
            [
                (
                    Assign(
                        temp{205},
                        (),
                    ),
                    Expr(208),
                ),
            ],
            Goto(
                BasicBlock(103),
            ),
        ),
        BasicBlock(103): BasicBlockData(
            [
                (
                    Clear(
                        temp{206},
                    ),
                    Expr(202),
                ),
                (
                    Clear(
                        temp{205},
                    ),
                    Expr(208),
                ),
                (
                    Assign(
                        temp{213},
                        1,
                    ),
                    Expr(209),
                ),
                (
                    Assign(
                        temp{214},
                        1,
                    ),
                    Expr(210),
                ),
                (
                    Assign(
                        temp{212},
                        temp{213} > temp{214},
                    ),
                    Expr(211),
                ),
                (
                    Clear(
                        temp{214},
                    ),
                    Expr(210),
                ),
                (
                    Clear(
                        temp{213},
                    ),
                    Expr(209),
                ),
            ],
            If(
                temp{212},
                BasicBlock(106),
                BasicBlock(107),
            ),
        ),
        BasicBlock(104): BasicBlockData(
            [
                (
                    Clear(
                        temp{211},
                    ),
                    Expr(204),
                ),
                (
                    Clear(
                        temp{210},
                    ),
                    Expr(203),
                ),
            ],
            Assign(
                temp{205},
                Await(
                    temp{209},
                ),
                BasicBlock(105),
            ),
        ),
        BasicBlock(105): BasicBlockData(
            [
                (
                    Clear(
                        temp{209},
                    ),
                    Expr(205),
                ),
                (
                    Clear(
                        temp{40},
                    ),
                    Expr(207),
                ),
                (
                    Clear(
                        temp{41},
                    ),
                    Expr(207),
                ),
            ],
            Goto(
                BasicBlock(103),
            ),
        ),
        BasicBlock(106): BasicBlockData(
            [
                (
                    Assign(
                        temp{42},
                        Print.give,
                    ),
                    Expr(212),
                ),
                (
                    Assign(
                        temp{216},
                        temp{42}.give,
                    ),
                    Expr(212),
                ),
                (
                    Assign(
                        temp{43},
                        "error",
                    ),
                    Expr(213),
                ),
                (
                    Assign(
                        temp{217},
                        temp{43}.give,
                    ),
                    Expr(213),
                ),
            ],
            Assign(
                temp{215},
                Call(
                    temp{216},
                    [
                        temp{217},
                    ],
                    [
                        None,
                    ],
                ),
                BasicBlock(109),
            ),
        ),
        BasicBlock(107): BasicBlockData(
            [
                (
                    Assign(
                        temp{44},
                        (),
                    ),
                    Expr(217),
                ),
            ],
            Goto(
                BasicBlock(108),
            ),
        ),
        BasicBlock(108): BasicBlockData(
            [
                (
                    Clear(
                        temp{212},
                    ),
                    Expr(211),
                ),
            ],
            Return(
                temp{44},
            ),
        ),
        BasicBlock(109): BasicBlockData(
            [
                (
                    Clear(
                        temp{217},
                    ),
                    Expr(213),
                ),
                (
                    Clear(
                        temp{216},
                    ),
                    Expr(212),
                ),
            ],
            Assign(
                temp{44},
                Await(
                    temp{215},
                ),
                BasicBlock(110),
            ),
        ),
        BasicBlock(110): BasicBlockData(
            [
                (
                    Clear(
                        temp{215},
                    ),
                    Expr(214),
                ),
                (
                    Clear(
                        temp{42},
                    ),
                    Expr(216),
                ),
                (
                    Clear(
                        temp{43},
                    ),
                    Expr(216),
                ),
            ],
            Goto(
                BasicBlock(108),
            ),
        ),
    },
]