[
    syntax::Tree {
        origin: Code(
            Some(
                Tokens(dada_tests/heap-graph/cursor-position.dada:3:16:3:16),
            ),
            Tokens(dada_tests/heap-graph/cursor-position.dada:3:19:11:2),
        ),
        data: syntax::Tree {
            root_expr: (
                Expr(14),
                Seq(
                    [
                        (
                            Expr(4),
                            Var(
                                (
                                    "p",
                                    None,
                                ),
                                (
                                    Expr(3),
                                    Call(
                                        (
                                            Expr(0),
                                            Id(
                                                "Point",
                                            ),
                                        ),
                                        [
                                            (
                                                None,
                                                (
                                                    Expr(1),
                                                    Integer(
                                                        "22",
                                                    ),
                                                ),
                                            ),
                                            (
                                                None,
                                                (
                                                    Expr(2),
                                                    Integer(
                                                        "44",
                                                    ),
                                                ),
                                            ),
                                        ],
                                    ),
                                ),
                            ),
                        ),
                        (
                            Expr(9),
                            Var(
                                (
                                    "q",
                                    None,
                                ),
                                (
                                    Expr(8),
                                    Call(
                                        (
                                            Expr(5),
                                            Id(
                                                "Point",
                                            ),
                                        ),
                                        [
                                            (
                                                None,
                                                (
                                                    Expr(6),
                                                    Id(
                                                        "p",
                                                    ),
                                                ),
                                            ),
                                            (
                                                None,
                                                (
                                                    Expr(7),
                                                    Integer(
                                                        "66",
                                                    ),
                                                ),
                                            ),
                                        ],
                                    ),
                                ),
                            ),
                        ),
                        (
                            Expr(13),
                            Await(
                                (
                                    Expr(12),
                                    Call(
                                        (
                                            Expr(10),
                                            Id(
                                                "print",
                                            ),
                                        ),
                                        [
                                            (
                                                None,
                                                (
                                                    Expr(11),
                                                    String(
                                                        "Hi",
                                                    ),
                                                ),
                                            ),
                                        ],
                                    ),
                                ),
                            ),
                        ),
                    ],
                ),
            ),
        },
    },
]